Component: ARM Compiler 5.05 update 2 (build 169) Tool: armlink [4d0f33]

==============================================================================

Section Cross References

    stm32f10x_adc.o(i.ADC_DeInit) refers to stm32f10x_rcc.o(i.RCC_APB2PeriphResetCmd) for RCC_APB2PeriphResetCmd
    stm32f10x_bkp.o(i.BKP_DeInit) refers to stm32f10x_rcc.o(i.RCC_BackupResetCmd) for RCC_BackupResetCmd
    stm32f10x_can.o(i.CAN_DeInit) refers to stm32f10x_rcc.o(i.RCC_APB1PeriphResetCmd) for RCC_APB1PeriphResetCmd
    stm32f10x_can.o(i.CAN_GetITStatus) refers to stm32f10x_can.o(i.CheckITStatus) for CheckITStatus
    stm32f10x_cec.o(i.CEC_DeInit) refers to stm32f10x_rcc.o(i.RCC_APB1PeriphResetCmd) for RCC_APB1PeriphResetCmd
    stm32f10x_dac.o(i.DAC_DeInit) refers to stm32f10x_rcc.o(i.RCC_APB1PeriphResetCmd) for RCC_APB1PeriphResetCmd
    stm32f10x_flash.o(i.FLASH_EnableWriteProtection) refers to stm32f10x_flash.o(i.FLASH_WaitForLastOperation) for FLASH_WaitForLastOperation
    stm32f10x_flash.o(i.FLASH_EraseAllBank1Pages) refers to stm32f10x_flash.o(i.FLASH_WaitForLastBank1Operation) for FLASH_WaitForLastBank1Operation
    stm32f10x_flash.o(i.FLASH_EraseAllPages) refers to stm32f10x_flash.o(i.FLASH_WaitForLastOperation) for FLASH_WaitForLastOperation
    stm32f10x_flash.o(i.FLASH_EraseOptionBytes) refers to stm32f10x_flash.o(i.FLASH_GetReadOutProtectionStatus) for FLASH_GetReadOutProtectionStatus
    stm32f10x_flash.o(i.FLASH_EraseOptionBytes) refers to stm32f10x_flash.o(i.FLASH_WaitForLastOperation) for FLASH_WaitForLastOperation
    stm32f10x_flash.o(i.FLASH_ErasePage) refers to stm32f10x_flash.o(i.FLASH_WaitForLastOperation) for FLASH_WaitForLastOperation
    stm32f10x_flash.o(i.FLASH_ProgramHalfWord) refers to stm32f10x_flash.o(i.FLASH_WaitForLastOperation) for FLASH_WaitForLastOperation
    stm32f10x_flash.o(i.FLASH_ProgramOptionByteData) refers to stm32f10x_flash.o(i.FLASH_WaitForLastOperation) for FLASH_WaitForLastOperation
    stm32f10x_flash.o(i.FLASH_ProgramWord) refers to stm32f10x_flash.o(i.FLASH_WaitForLastOperation) for FLASH_WaitForLastOperation
    stm32f10x_flash.o(i.FLASH_ReadOutProtection) refers to stm32f10x_flash.o(i.FLASH_WaitForLastOperation) for FLASH_WaitForLastOperation
    stm32f10x_flash.o(i.FLASH_UserOptionByteConfig) refers to stm32f10x_flash.o(i.FLASH_WaitForLastOperation) for FLASH_WaitForLastOperation
    stm32f10x_flash.o(i.FLASH_WaitForLastBank1Operation) refers to stm32f10x_flash.o(i.FLASH_GetBank1Status) for FLASH_GetBank1Status
    stm32f10x_flash.o(i.FLASH_WaitForLastOperation) refers to stm32f10x_flash.o(i.FLASH_GetBank1Status) for FLASH_GetBank1Status
    stm32f10x_gpio.o(i.GPIO_AFIODeInit) refers to stm32f10x_rcc.o(i.RCC_APB2PeriphResetCmd) for RCC_APB2PeriphResetCmd
    stm32f10x_gpio.o(i.GPIO_DeInit) refers to stm32f10x_rcc.o(i.RCC_APB2PeriphResetCmd) for RCC_APB2PeriphResetCmd
    stm32f10x_i2c.o(i.I2C_DeInit) refers to stm32f10x_rcc.o(i.RCC_APB1PeriphResetCmd) for RCC_APB1PeriphResetCmd
    stm32f10x_i2c.o(i.I2C_Init) refers to stm32f10x_rcc.o(i.RCC_GetClocksFreq) for RCC_GetClocksFreq
    stm32f10x_pwr.o(i.PWR_DeInit) refers to stm32f10x_rcc.o(i.RCC_APB1PeriphResetCmd) for RCC_APB1PeriphResetCmd
    stm32f10x_rcc.o(i.RCC_GetClocksFreq) refers to stm32f10x_rcc.o(.data) for APBAHBPrescTable
    stm32f10x_rcc.o(i.RCC_WaitForHSEStartUp) refers to stm32f10x_rcc.o(i.RCC_GetFlagStatus) for RCC_GetFlagStatus
    stm32f10x_rtc.o(i.RTC_SetAlarm) refers to stm32f10x_rtc.o(i.RTC_EnterConfigMode) for RTC_EnterConfigMode
    stm32f10x_rtc.o(i.RTC_SetAlarm) refers to stm32f10x_rtc.o(i.RTC_ExitConfigMode) for RTC_ExitConfigMode
    stm32f10x_rtc.o(i.RTC_SetCounter) refers to stm32f10x_rtc.o(i.RTC_EnterConfigMode) for RTC_EnterConfigMode
    stm32f10x_rtc.o(i.RTC_SetCounter) refers to stm32f10x_rtc.o(i.RTC_ExitConfigMode) for RTC_ExitConfigMode
    stm32f10x_rtc.o(i.RTC_SetPrescaler) refers to stm32f10x_rtc.o(i.RTC_EnterConfigMode) for RTC_EnterConfigMode
    stm32f10x_rtc.o(i.RTC_SetPrescaler) refers to stm32f10x_rtc.o(i.RTC_ExitConfigMode) for RTC_ExitConfigMode
    stm32f10x_spi.o(i.I2S_Init) refers to stm32f10x_rcc.o(i.RCC_GetClocksFreq) for RCC_GetClocksFreq
    stm32f10x_spi.o(i.SPI_I2S_DeInit) refers to stm32f10x_rcc.o(i.RCC_APB2PeriphResetCmd) for RCC_APB2PeriphResetCmd
    stm32f10x_spi.o(i.SPI_I2S_DeInit) refers to stm32f10x_rcc.o(i.RCC_APB1PeriphResetCmd) for RCC_APB1PeriphResetCmd
    stm32f10x_tim.o(i.TIM_DeInit) refers to stm32f10x_rcc.o(i.RCC_APB2PeriphResetCmd) for RCC_APB2PeriphResetCmd
    stm32f10x_tim.o(i.TIM_DeInit) refers to stm32f10x_rcc.o(i.RCC_APB1PeriphResetCmd) for RCC_APB1PeriphResetCmd
    stm32f10x_tim.o(i.TIM_ETRClockMode1Config) refers to stm32f10x_tim.o(i.TIM_ETRConfig) for TIM_ETRConfig
    stm32f10x_tim.o(i.TIM_ETRClockMode2Config) refers to stm32f10x_tim.o(i.TIM_ETRConfig) for TIM_ETRConfig
    stm32f10x_tim.o(i.TIM_ICInit) refers to stm32f10x_tim.o(i.TI1_Config) for TI1_Config
[...]
    RCC_HCLKConfig                           0x0800bc6d   Thumb Code    18  stm32f10x_rcc.o(i.RCC_HCLKConfig)
    RCC_HSEConfig                            0x0800bc85   Thumb Code    70  stm32f10x_rcc.o(i.RCC_HSEConfig)
    RCC_IRQHandler                           0x0800bcd1   Thumb Code    10  bsp_int.o(i.RCC_IRQHandler)
    RCC_PCLK1Config                          0x0800bcdd   Thumb Code    18  stm32f10x_rcc.o(i.RCC_PCLK1Config)
    RCC_PCLK2Config                          0x0800bcf5   Thumb Code    20  stm32f10x_rcc.o(i.RCC_PCLK2Config)
    RCC_PLLCmd                               0x0800bd0d   Thumb Code     6  stm32f10x_rcc.o(i.RCC_PLLCmd)
    RCC_PLLConfig                            0x0800bd19   Thumb Code    24  stm32f10x_rcc.o(i.RCC_PLLConfig)
    RCC_SYSCLKConfig                         0x0800bd35   Thumb Code    18  stm32f10x_rcc.o(i.RCC_SYSCLKConfig)
    RCC_WaitForHSEStartUp                    0x0800bd4d   Thumb Code    56  stm32f10x_rcc.o(i.RCC_WaitForHSEStartUp)
    RTCAlarm_IRQHandler                      0x0800bd85   Thumb Code    10  bsp_int.o(i.RTCAlarm_IRQHandler)
    RTC_IRQHandler                           0x0800bd8f   Thumb Code    10  bsp_int.o(i.RTC_IRQHandler)
    RV_GetCurrStat                           0x0800bd99   Thumb Code     6  rotvalvedef.o(i.RV_GetCurrStat)
    RV_GetErrorNumber                        0x0800bda5   Thumb Code     6  rotvalvedef.o(i.RV_GetErrorNumber)
    RV_Home                                  0x0800bdb1   Thumb Code    26  rotvalvedef.o(i.RV_Home)
    RV_MoveToPosition                        0x0800bdcb   Thumb Code    78  rotvalvedef.o(i.RV_MoveToPosition)
    RV_QueryStatus                           0x0800be19   Thumb Code    26  rotvalvedef.o(i.RV_QueryStatus)
    RV_QueryVersion                          0x0800be33   Thumb Code    26  rotvalvedef.o(i.RV_QueryVersion)
    RV_SetCurrStat                           0x0800be4d   Thumb Code    34  rotvalvedef.o(i.RV_SetCurrStat)
    RV_SetErrorNumber                        0x0800be75   Thumb Code     6  rotvalvedef.o(i.RV_SetErrorNumber)
    ResultUpLayerComm                        0x0800be81   Thumb Code   106  hexprotocol.o(i.ResultUpLayerComm)
    SPI1_IRQHandler                          0x0800beeb   Thumb Code    10  bsp_int.o(i.SPI1_IRQHandler)
    SPI2_IRQHandler                          0x0800bef5   Thumb Code    10  bsp_int.o(i.SPI2_IRQHandler)
    SPI_Cmd                                  0x0800beff   Thumb Code    24  stm32f10x_spi.o(i.SPI_Cmd)
    SPI_I2S_GetFlagStatus                    0x0800bf17   Thumb Code    18  stm32f10x_spi.o(i.SPI_I2S_GetFlagStatus)
    SPI_I2S_ITConfig                         0x0800bf29   Thumb Code    32  stm32f10x_spi.o(i.SPI_I2S_ITConfig)
    SPI_I2S_ReceiveData                      0x0800bf49   Thumb Code     6  stm32f10x_spi.o(i.SPI_I2S_ReceiveData)
    SPI_I2S_SendData                         0x0800bf4f   Thumb Code     4  stm32f10x_spi.o(i.SPI_I2S_SendData)
    SPI_Init                                 0x0800bf53   Thumb Code    60  stm32f10x_spi.o(i.SPI_Init)
    SPI_ParaInit                             0x0800bf91   Thumb Code   200  spidrv.o(i.SPI_ParaInit)
    SPI_SendReadNumByte                      0x0800c079   Thumb Code   222  spidrv.o(i.SPI_SendReadNumByte)
    SVC_Handler                              0x0800c179   Thumb Code     2  stm32f10x_it.o(i.SVC_Handler)
    SetSysCurrOperation                      0x0800c17d   Thumb Code     6  hexprotocol.o(i.SetSysCurrOperation)
    SysTick_Handler                          0x0800c189   Thumb Code    60  os_cpu_c.o(i.SysTick_Handler)
    TAMPER_IRQHandler                        0x0800c1c9   Thumb Code    10  bsp_int.o(i.TAMPER_IRQHandler)
    TIM1_BRK_IRQHandler                      0x0800c1d3   Thumb Code    10  bsp_int.o(i.TIM1_BRK_IRQHandler)
    TIM1_CC_IRQHandler                       0x0800c1dd   Thumb Code    10  bsp_int.o(i.TIM1_CC_IRQHandler)
    TIM1_TRG_COM_IRQHandler                  0x0800c1e7   Thumb Code    10  bsp_int.o(i.TIM1_TRG_COM_IRQHandler)
    TIM1_UP_IRQHandler                       0x0800c1f1   Thumb Code    10  bsp_int.o(i.TIM1_UP_IRQHandler)
    TIM2_IRQHandler                          0x0800c1fb   Thumb Code    10  bsp_int.o(i.TIM2_IRQHandler)
    TIM3_IRQHandler                          0x0800c205   Thumb Code    10  bsp_int.o(i.TIM3_IRQHandler)
    TIM4_IRQHandler                          0x0800c20f   Thumb Code    10  bsp_int.o(i.TIM4_IRQHandler)
    TIM_ARRPreloadConfig                     0x0800c219   Thumb Code    24  stm32f10x_tim.o(i.TIM_ARRPreloadConfig)
    TIM_ClearITPendingBit                    0x0800c231   Thumb Code     6  stm32f10x_tim.o(i.TIM_ClearITPendingBit)
    TIM_Cmd                                  0x0800c237   Thumb Code    24  stm32f10x_tim.o(i.TIM_Cmd)
    TIM_ControlMotor                         0x0800c251   Thumb Code    98  motorbsp.o(i.TIM_ControlMotor)
    TIM_GetITStatus                          0x0800c2b9   Thumb Code    34  stm32f10x_tim.o(i.TIM_GetITStatus)
    TIM_GetTimeClock                         0x0800c2dd   Thumb Code    86  motorbsp.o(i.TIM_GetTimeClock)
    TIM_ITConfig                             0x0800c351   Thumb Code    18  stm32f10x_tim.o(i.TIM_ITConfig)
    TIM_InitMotorClock                       0x0800c365   Thumb Code   152  motorbsp.o(i.TIM_InitMotorClock)
    TIM_OC3Init                              0x0800c401   Thumb Code   150  stm32f10x_tim.o(i.TIM_OC3Init)
    TIM_OC3PreloadConfig                     0x0800c4a1   Thumb Code    18  stm32f10x_tim.o(i.TIM_OC3PreloadConfig)
    TIM_SetMotorFreq                         0x0800c4b5   Thumb Code   224  motorbsp.o(i.TIM_SetMotorFreq)
    TIM_TimeBaseInit                         0x0800c5a5   Thumb Code   122  stm32f10x_tim.o(i.TIM_TimeBaseInit)
    TimingToCommand                          0x0800c649   Thumb Code  1000  hexprotocol.o(i.TimingToCommand)
    UART4_IRQHandler                         0x0800ca3d   Thumb Code    10  bsp_int.o(i.UART4_IRQHandler)
    UART_SendHexToRValve                     0x0800ca47   Thumb Code    20  bsp_ser.o(i.UART_SendHexToRValve)
    UART_SendHexToXLP6000                    0x0800ca5b   Thumb Code    20  bsp_ser.o(i.UART_SendHexToXLP6000)
    USART1_IRQHandler                        0x0800ca6f   Thumb Code    10  bsp_int.o(i.USART1_IRQHandler)
    USART2_IRQHandler                        0x0800ca79   Thumb Code    10  bsp_int.o(i.USART2_IRQHandler)
    USART3_IRQHandler                        0x0800ca83   Thumb Code    10  bsp_int.o(i.USART3_IRQHandler)
    USART_ClearFlag                          0x0800ca8d   Thumb Code    18  stm32f10x_usart.o(i.USART_ClearFlag)
    USART_ClearITPendingBit                  0x0800ca9f   Thumb Code    30  stm32f10x_usart.o(i.USART_ClearITPendingBit)
    USART_ClockInit                          0x0800cabd   Thumb Code    34  stm32f10x_usart.o(i.USART_ClockInit)
    USART_Cmd                                0x0800cadf   Thumb Code    24  stm32f10x_usart.o(i.USART_Cmd)
    USART_GetFlagStatus                      0x0800caf7   Thumb Code    26  stm32f10x_usart.o(i.USART_GetFlagStatus)
    USART_ITConfig                           0x0800cb11   Thumb Code    74  stm32f10x_usart.o(i.USART_ITConfig)
    USART_Init                               0x0800cb5d   Thumb Code   210  stm32f10x_usart.o(i.USART_Init)
    USART_ReceiveData                        0x0800cc35   Thumb Code    10  stm32f10x_usart.o(i.USART_ReceiveData)
    USART_SendData                           0x0800cc3f   Thumb Code     8  stm32f10x_usart.o(i.USART_SendData)
    USBWakeUp_IRQHandler                     0x0800cc47   Thumb Code    10  bsp_int.o(i.USBWakeUp_IRQHandler)
    USB_HP_CAN1_TX_IRQHandler                0x0800cc51   Thumb Code    10  bsp_int.o(i.USB_HP_CAN1_TX_IRQHandler)
    USB_LP_CAN1_RX0_IRQHandler               0x0800cc5b   Thumb Code    10  bsp_int.o(i.USB_LP_CAN1_RX0_IRQHandler)
    UsageFault_Handler                       0x0800d1a7   Thumb Code     4  stm32f10x_it.o(i.UsageFault_Handler)
    ValveCtrlDirect                          0x0800d1ad   Thumb Code    94  boardiodef.o(i.ValveCtrlDirect)
    ValveCtrlFromProl                        0x0800d211   Thumb Code   200  boardiodef.o(i.ValveCtrlFromProl)
    WWDG_IRQHandler                          0x0800d2e1   Thumb Code    10  bsp_int.o(i.WWDG_IRQHandler)
    XLP_GetCurrStat                          0x0800d2ed   Thumb Code     6  xlp6000.o(i.XLP_GetCurrStat)
    XLP_GetErrorNumber                       0x0800d2f9   Thumb Code     6  xlp6000.o(i.XLP_GetErrorNumber)
    XLP_Home                                 0x0800d305   Thumb Code    86  xlp6000.o(i.XLP_Home)
    XLP_QueryStatus                          0x0800d35b   Thumb Code    70  xlp6000.o(i.XLP_QueryStatus)
    XLP_RelDrain                             0x0800d3a1   Thumb Code   272  xlp6000.o(i.XLP_RelDrain)
    XLP_RelInhale                            0x0800d4b5   Thumb Code   282  xlp6000.o(i.XLP_RelInhale)
    XLP_SetCurrStat                          0x0800d5d5   Thumb Code    34  xlp6000.o(i.XLP_SetCurrStat)
    XLP_SetErrorNumber                       0x0800d5fd   Thumb Code     6  xlp6000.o(i.XLP_SetErrorNumber)
    __ARM_fpclassify                         0x0800d67f   Thumb Code    40  fpclassify.o(i.__ARM_fpclassify)
    _is_digit                                0x0800d6a7   Thumb Code    14  __printf_wp.o(i._is_digit)
    main                                     0x0800d6b5   Thumb Code    74  main.o(i.main)
    sFLASH_Init                              0x0800d71d   Thumb Code    10  spiflash.o(i.sFLASH_Init)
    sFLASH_ReadBuffer                        0x0800d729   Thumb Code    78  spiflash.o(i.sFLASH_ReadBuffer)
    sFLASH_ReadID                            0x0800d77d   Thumb Code    80  spiflash.o(i.sFLASH_ReadID)
    _get_lc_numeric                          0x0800d7d1   Thumb Code    44  lc_numeric_c.o(locale$$code)
    _get_lc_ctype                            0x0800d7fd   Thumb Code    44  lc_ctype_c.o(locale$$code)
    _printf_fp_dec                           0x0800d829   Thumb Code     4  printf1.o(x$fpl$printf1)
    UART_PIN_RXD                             0x0800d82c   Data           8  bsp_ser.o(.constdata)
    __I$use$fp                               0x0800d82c   Number         0  usenofp.o(x$fpl$usenofp)
    UART_PIN_TXD                             0x0800d834   Data           8  bsp_ser.o(.constdata)
    UART_CLK_RXD                             0x0800d83c   Data          16  bsp_ser.o(.constdata)
    UART_CLK_TXD                             0x0800d84c   Data          16  bsp_ser.o(.constdata)
    UART_BAUD                                0x0800d85c   Data          16  bsp_ser.o(.constdata)
    UART_PRIO                                0x0800d86c   Data          16  bsp_ser.o(.constdata)
    UART_IRQn                                0x0800d87c   Data          16  bsp_ser.o(.constdata)
    UART_CLKI                                0x0800d88c   Data          16  bsp_ser.o(.constdata)
    stUartCfg                                0x0800d89c   Data         100  bsp_ser.o(.constdata)
    OSCfg_IdleTaskStkBasePtr                 0x0800d900   Data           4  os_cfg_app.o(.constdata)
    OSCfg_IdleTaskStkLimit                   0x0800d904   Data           4  os_cfg_app.o(.constdata)
    OSCfg_IdleTaskStkSize                    0x0800d908   Data           4  os_cfg_app.o(.constdata)
    OSCfg_IdleTaskStkSizeRAM                 0x0800d90c   Data           4  os_cfg_app.o(.constdata)
    OSCfg_IntQBasePtr                        0x0800d910   Data           4  os_cfg_app.o(.constdata)
    OSCfg_IntQSize                           0x0800d914   Data           2  os_cfg_app.o(.constdata)
    OSCfg_IntQSizeRAM                        0x0800d918   Data           4  os_cfg_app.o(.constdata)
    OSCfg_IntQTaskStkBasePtr                 0x0800d91c   Data           4  os_cfg_app.o(.constdata)
    OSCfg_IntQTaskStkLimit                   0x0800d920   Data           4  os_cfg_app.o(.constdata)
    OSCfg_IntQTaskStkSize                    0x0800d924   Data           4  os_cfg_app.o(.constdata)
    OSCfg_IntQTaskStkSizeRAM                 0x0800d928   Data           4  os_cfg_app.o(.constdata)
    OSCfg_ISRStkBasePtr                      0x0800d92c   Data           4  os_cfg_app.o(.constdata)
    OSCfg_ISRStkSize                         0x0800d930   Data           4  os_cfg_app.o(.constdata)
    OSCfg_ISRStkSizeRAM                      0x0800d934   Data           4  os_cfg_app.o(.constdata)
    OSCfg_MsgPoolSize                        0x0800d938   Data           2  os_cfg_app.o(.constdata)
    OSCfg_MsgPoolSizeRAM                     0x0800d93c   Data           4  os_cfg_app.o(.constdata)
    OSCfg_MsgPoolBasePtr                     0x0800d940   Data           4  os_cfg_app.o(.constdata)
    OSCfg_StatTaskPrio                       0x0800d944   Data           1  os_cfg_app.o(.constdata)
    OSCfg_StatTaskRate_Hz                    0x0800d948   Data           4  os_cfg_app.o(.constdata)
    OSCfg_StatTaskStkBasePtr                 0x0800d94c   Data           4  os_cfg_app.o(.constdata)
    OSCfg_StatTaskStkLimit                   0x0800d950   Data           4  os_cfg_app.o(.constdata)
    OSCfg_StatTaskStkSize                    0x0800d954   Data           4  os_cfg_app.o(.constdata)
    OSCfg_StatTaskStkSizeRAM                 0x0800d958   Data           4  os_cfg_app.o(.constdata)
    OSCfg_StkSizeMin                         0x0800d95c   Data           4  os_cfg_app.o(.constdata)
    OSCfg_TickRate_Hz                        0x0800d960   Data           4  os_cfg_app.o(.constdata)
    OSCfg_TickTaskPrio                       0x0800d964   Data           1  os_cfg_app.o(.constdata)
    OSCfg_TickTaskStkBasePtr                 0x0800d968   Data           4  os_cfg_app.o(.constdata)
    OSCfg_TickTaskStkLimit                   0x0800d96c   Data           4  os_cfg_app.o(.constdata)
    OSCfg_TickTaskStkSize                    0x0800d970   Data           4  os_cfg_app.o(.constdata)
    OSCfg_TickTaskStkSizeRAM                 0x0800d974   Data           4  os_cfg_app.o(.constdata)
    OSCfg_TmrTaskPrio                        0x0800d978   Data           1  os_cfg_app.o(.constdata)
    OSCfg_TmrTaskRate_Hz                     0x0800d97c   Data           4  os_cfg_app.o(.constdata)
    OSCfg_TmrTaskStkBasePtr                  0x0800d980   Data           4  os_cfg_app.o(.constdata)
    OSCfg_TmrTaskStkLimit                    0x0800d984   Data           4  os_cfg_app.o(.constdata)
    OSCfg_TmrTaskStkSize                     0x0800d988   Data           4  os_cfg_app.o(.constdata)
    OSCfg_TmrTaskStkSizeRAM                  0x0800d98c   Data           4  os_cfg_app.o(.constdata)
    OSCfg_DataSizeRAM                        0x0800d990   Data           4  os_cfg_app.o(.constdata)
    OSDbg_DbgEn                              0x0800d994   Data           1  os_dbg.o(.constdata)
    OSDbg_ArgChkEn                           0x0800d995   Data           1  os_dbg.o(.constdata)
    OSDbg_AppHooksEn                         0x0800d996   Data           1  os_dbg.o(.constdata)
    OSDbg_EndiannessTest                     0x0800d998   Data           4  os_dbg.o(.constdata)
    OSDbg_CalledFromISRChkEn                 0x0800d99c   Data           1  os_dbg.o(.constdata)
    OSDbg_FlagEn                             0x0800d99d   Data           1  os_dbg.o(.constdata)
    OSDbg_FlagGrp                            0x0800d9a0   Data          40  os_dbg.o(.constdata)
    OSDbg_FlagDelEn                          0x0800d9c8   Data           1  os_dbg.o(.constdata)
    OSDbg_FlagModeClrEn                      0x0800d9c9   Data           1  os_dbg.o(.constdata)
    OSDbg_FlagPendAbortEn                    0x0800d9ca   Data           1  os_dbg.o(.constdata)
    OSDbg_FlagGrpSize                        0x0800d9cc   Data           2  os_dbg.o(.constdata)
    OSDbg_FlagWidth                          0x0800d9ce   Data           2  os_dbg.o(.constdata)
    OSDbg_IntQ                               0x0800d9d0   Data           2  os_dbg.o(.constdata)
    OSDbg_ISRPostDeferredEn                  0x0800d9d2   Data           1  os_dbg.o(.constdata)
    OSDbg_Mem                                0x0800d9d4   Data          32  os_dbg.o(.constdata)
    OSDbg_MemEn                              0x0800d9f4   Data           1  os_dbg.o(.constdata)
    OSDbg_MemSize                            0x0800d9f6   Data           2  os_dbg.o(.constdata)
    OSDbg_MsgEn                              0x0800d9f8   Data           1  os_dbg.o(.constdata)
    OSDbg_MsgSize                            0x0800d9fa   Data           2  os_dbg.o(.constdata)
    OSDbg_MsgPoolSize                        0x0800d9fc   Data           2  os_dbg.o(.constdata)
    OSDbg_MsgQSize                           0x0800d9fe   Data           2  os_dbg.o(.constdata)
    OSDbg_Mutex                              0x0800da00   Data          48  os_dbg.o(.constdata)
    OSDbg_MutexEn                            0x0800da30   Data           1  os_dbg.o(.constdata)
    OSDbg_MutexDelEn                         0x0800da31   Data           1  os_dbg.o(.constdata)
    OSDbg_MutexPendAbortEn                   0x0800da32   Data           1  os_dbg.o(.constdata)
    OSDbg_MutexSize                          0x0800da34   Data           2  os_dbg.o(.constdata)
    OSDbg_ObjTypeChkEn                       0x0800da36   Data           1  os_dbg.o(.constdata)
    OSDbg_PendMultiEn                        0x0800da37   Data           1  os_dbg.o(.constdata)
    OSDbg_PendDataSize                       0x0800da38   Data           2  os_dbg.o(.constdata)
    OSDbg_PendListSize                       0x0800da3a   Data           2  os_dbg.o(.constdata)
    OSDbg_PendObjSize                        0x0800da3c   Data           2  os_dbg.o(.constdata)
    OSDbg_PrioMax                            0x0800da3e   Data           2  os_dbg.o(.constdata)
    OSDbg_PrioTblSize                        0x0800da40   Data           2  os_dbg.o(.constdata)
    OSDbg_PtrSize                            0x0800da42   Data           2  os_dbg.o(.constdata)
    OSDbg_Q                                  0x0800da44   Data          48  os_dbg.o(.constdata)
    OSDbg_QEn                                0x0800da74   Data           1  os_dbg.o(.constdata)
    OSDbg_QDelEn                             0x0800da75   Data           1  os_dbg.o(.constdata)
    OSDbg_QFlushEn                           0x0800da76   Data           1  os_dbg.o(.constdata)
    OSDbg_QPendAbortEn                       0x0800da77   Data           1  os_dbg.o(.constdata)
    OSDbg_QSize                              0x0800da78   Data           2  os_dbg.o(.constdata)
    OSDbg_SchedRoundRobinEn                  0x0800da7a   Data           1  os_dbg.o(.constdata)
    OSDbg_Sem                                0x0800da7c   Data          40  os_dbg.o(.constdata)
    OSDbg_SemEn                              0x0800daa4   Data           1  os_dbg.o(.constdata)
    OSDbg_SemDelEn                           0x0800daa5   Data           1  os_dbg.o(.constdata)
    OSDbg_SemPendAbortEn                     0x0800daa6   Data           1  os_dbg.o(.constdata)
    OSDbg_SemSetEn                           0x0800daa7   Data           1  os_dbg.o(.constdata)
    OSDbg_SemSize                            0x0800daa8   Data           2  os_dbg.o(.constdata)
    OSDbg_RdyList                            0x0800daaa   Data           2  os_dbg.o(.constdata)
    OSDbg_RdyListSize                        0x0800daac   Data           4  os_dbg.o(.constdata)
    OSDbg_StkWidth                           0x0800dab0   Data           1  os_dbg.o(.constdata)
    OSDbg_StatTaskEn                         0x0800dab1   Data           1  os_dbg.o(.constdata)
    OSDbg_StatTaskStkChkEn                   0x0800dab2   Data           1  os_dbg.o(.constdata)
    OSDbg_TaskChangePrioEn                   0x0800dab3   Data           1  os_dbg.o(.constdata)
    OSDbg_TaskDelEn                          0x0800dab4   Data           1  os_dbg.o(.constdata)
    OSDbg_TaskQEn                            0x0800dab5   Data           1  os_dbg.o(.constdata)
    OSDbg_TaskQPendAbortEn                   0x0800dab6   Data           1  os_dbg.o(.constdata)
    OSDbg_TaskProfileEn                      0x0800dab7   Data           1  os_dbg.o(.constdata)
    OSDbg_TaskRegTblSize                     0x0800dab8   Data           2  os_dbg.o(.constdata)
    OSDbg_TaskSemPendAbortEn                 0x0800daba   Data           1  os_dbg.o(.constdata)
    OSDbg_TaskSuspendEn                      0x0800dabb   Data           1  os_dbg.o(.constdata)
    OSDbg_TCBSize                            0x0800dabc   Data           2  os_dbg.o(.constdata)
    OSDbg_TickListSize                       0x0800dabe   Data           2  os_dbg.o(.constdata)
    OSDbg_TimeDlyHMSMEn                      0x0800dac0   Data           1  os_dbg.o(.constdata)
    OSDbg_TimeDlyResumeEn                    0x0800dac1   Data           1  os_dbg.o(.constdata)
    OSDbg_TLS_TblSize                        0x0800dac2   Data           2  os_dbg.o(.constdata)
    OSDbg_Tmr                                0x0800dac4   Data          48  os_dbg.o(.constdata)
    OSDbg_TmrEn                              0x0800daf4   Data           1  os_dbg.o(.constdata)
    OSDbg_TmrDelEn                           0x0800daf5   Data           1  os_dbg.o(.constdata)
    OSDbg_TmrSize                            0x0800daf6   Data           2  os_dbg.o(.constdata)
    OSDbg_VersionNbr                         0x0800daf8   Data           2  os_dbg.o(.constdata)
    OSDbg_DataSize                           0x0800dafc   Data           4  os_dbg.o(.constdata)
    stMotorTim                               0x0800db00   Data           8  motorbsp.o(.constdata)
    CleanTiming                              0x0800db08   Data         414  hexprotocol.o(.constdata)
    PrimeTiming                              0x0800dca6   Data         460  hexprotocol.o(.constdata)
    LoadTiming                               0x0800de72   Data         506  hexprotocol.o(.constdata)
    Region$$Table$$Base                      0x0800e144   Number         0  anon$$obj.o(Region$$Table)
    Region$$Table$$Limit                     0x0800e164   Number         0  anon$$obj.o(Region$$Table)
    __ctype                                  0x0800e18d   Data           0  lc_ctype_c.o(locale$$data)
    BSP_CPU_ClkFreq_MHz                      0x20000014   Data           4  bsp.o(.data)
    UART_PORT_RXD                            0x20000018   Data          16  bsp_ser.o(.data)
    UART_PORT_TXD                            0x20000028   Data          16  bsp_ser.o(.data)
    UART_TYPE                                0x20000038   Data          16  bsp_ser.o(.data)
    OSPrioTbl                                0x20000058   Data           4  os_prio.o(.data)
    OS_AppTaskCreateHookPtr                  0x2000005c   Data           4  os_var.o(.data)
    OS_AppTaskDelHookPtr                     0x20000060   Data           4  os_var.o(.data)
    OS_AppTaskReturnHookPtr                  0x20000064   Data           4  os_var.o(.data)
    OS_AppIdleTaskHookPtr                    0x20000068   Data           4  os_var.o(.data)
    OS_AppStatTaskHookPtr                    0x2000006c   Data           4  os_var.o(.data)
    OS_AppTaskSwHookPtr                      0x20000070   Data           4  os_var.o(.data)
    OS_AppTimeTickHookPtr                    0x20000074   Data           4  os_var.o(.data)
    OSIdleTaskCtr                            0x20000078   Data           4  os_var.o(.data)
    OSIntNestingCtr                          0x2000007c   Data           1  os_var.o(.data)
    OSIntDisTimeMax                          0x20000080   Data           4  os_var.o(.data)
    OSRunning                                0x20000084   Data           1  os_var.o(.data)
    OSIntQInPtr                              0x20000088   Data           4  os_var.o(.data)
    OSIntQOutPtr                             0x2000008c   Data           4  os_var.o(.data)
    OSIntQNbrEntries                         0x20000090   Data           2  os_var.o(.data)
    OSIntQNbrEntriesMax                      0x20000092   Data           2  os_var.o(.data)
    OSIntQOvfCtr                             0x20000094   Data           2  os_var.o(.data)
    OSIntQTaskTimeMax                        0x20000098   Data           4  os_var.o(.data)
    OSFlagDbgListPtr                         0x2000009c   Data           4  os_var.o(.data)
    OSFlagQty                                0x200000a0   Data           2  os_var.o(.data)
    OSMemDbgListPtr                          0x200000a4   Data           4  os_var.o(.data)
    OSMemQty                                 0x200000a8   Data           2  os_var.o(.data)
    OSMutexDbgListPtr                        0x200000ac   Data           4  os_var.o(.data)
    OSMutexQty                               0x200000b0   Data           2  os_var.o(.data)
    OSPrioCur                                0x200000b2   Data           1  os_var.o(.data)
    OSPrioHighRdy                            0x200000b3   Data           1  os_var.o(.data)
    OSPrioSaved                              0x200000b4   Data           1  os_var.o(.data)
    OSQDbgListPtr                            0x200000b8   Data           4  os_var.o(.data)
    OSQQty                                   0x200000bc   Data           2  os_var.o(.data)
    OSSchedLockTimeBegin                     0x200000c0   Data           4  os_var.o(.data)
    OSSchedLockTimeMax                       0x200000c4   Data           4  os_var.o(.data)
    OSSchedLockTimeMaxCur                    0x200000c8   Data           4  os_var.o(.data)
    OSSchedLockNestingCtr                    0x200000cc   Data           1  os_var.o(.data)
    OSSchedRoundRobinDfltTimeQuanta          0x200000d0   Data           4  os_var.o(.data)
    OSSchedRoundRobinEn                      0x200000d4   Data           1  os_var.o(.data)
    OSSemDbgListPtr                          0x200000d8   Data           4  os_var.o(.data)
    OSSemQty                                 0x200000dc   Data           2  os_var.o(.data)
    OSStatResetFlag                          0x200000de   Data           1  os_var.o(.data)
    OSStatTaskCPUUsage                       0x200000e0   Data           2  os_var.o(.data)
    OSStatTaskCPUUsageMax                    0x200000e2   Data           2  os_var.o(.data)
    OSStatTaskCtr                            0x200000e4   Data           4  os_var.o(.data)
    OSStatTaskCtrMax                         0x200000e8   Data           4  os_var.o(.data)
    OSStatTaskCtrRun                         0x200000ec   Data           4  os_var.o(.data)
    OSStatTaskRdy                            0x200000f0   Data           1  os_var.o(.data)
    OSStatTaskTimeMax                        0x200000f4   Data           4  os_var.o(.data)
    OSTaskCtxSwCtr                           0x200000f8   Data           4  os_var.o(.data)
    OSTaskDbgListPtr                         0x200000fc   Data           4  os_var.o(.data)
    OSTaskQty                                0x20000100   Data           2  os_var.o(.data)
    OSTaskRegNextAvailID                     0x20000102   Data           1  os_var.o(.data)
    OSTickCtr                                0x20000104   Data           4  os_var.o(.data)
    OSTickTaskTimeMax                        0x20000108   Data           4  os_var.o(.data)
    OSTickListDly                            0x2000010c   Data           8  os_var.o(.data)
    OSTickListTimeout                        0x20000114   Data           8  os_var.o(.data)
    OSTmrDbgListPtr                          0x2000011c   Data           4  os_var.o(.data)
    OSTmrListEntries                         0x20000120   Data           2  os_var.o(.data)
    OSTmrListPtr                             0x20000124   Data           4  os_var.o(.data)
    OSTmrQty                                 0x20000128   Data           2  os_var.o(.data)
    OSTmrTaskTimeMax                         0x2000012c   Data           4  os_var.o(.data)
    OSTmrTickCtr                             0x20000130   Data           4  os_var.o(.data)
    OSTmrUpdateCnt                           0x20000134   Data           4  os_var.o(.data)
    OSTmrUpdateCtr                           0x20000138   Data           4  os_var.o(.data)
    OSTCBCurPtr                              0x2000013c   Data           4  os_var.o(.data)
    OSTCBHighRdyPtr                          0x20000140   Data           4  os_var.o(.data)
    CPU_TS_TmrFreq_Hz                        0x20000144   Data           4  cpu_core.o(.data)
    CPU_IntDisMeasCtr                        0x20000148   Data           2  cpu_core.o(.data)
    CPU_IntDisNestCtr                        0x2000014a   Data           2  cpu_core.o(.data)
    CPU_IntDisMeasStart_cnts                 0x2000014c   Data           4  cpu_core.o(.data)
    CPU_IntDisMeasStop_cnts                  0x20000150   Data           4  cpu_core.o(.data)
    CPU_IntDisMeasOvrhd_cnts                 0x20000154   Data           4  cpu_core.o(.data)
    CPU_IntDisMeasMaxCur_cnts                0x20000158   Data           4  cpu_core.o(.data)
    CPU_IntDisMeasMax_cnts                   0x2000015c   Data           4  cpu_core.o(.data)
    OS_CPU_ExceptStkBase                     0x20000160   Data           4  os_cpu_c.o(.data)
    OSCfg_IdleTaskStk                        0x20000668   Data         512  os_cfg_app.o(.bss)
    OSCfg_IntQ                               0x20000868   Data         320  os_cfg_app.o(.bss)
    OSCfg_IntQTaskStk                        0x200009a8   Data         512  os_cfg_app.o(.bss)
    OSCfg_ISRStk                             0x20000ba8   Data         512  os_cfg_app.o(.bss)
    OSCfg_MsgPool                            0x20000da8   Data        1600  os_cfg_app.o(.bss)
    OSCfg_StatTaskStk                        0x200013e8   Data         512  os_cfg_app.o(.bss)
    OSCfg_TickTaskStk                        0x200015e8   Data         512  os_cfg_app.o(.bss)
    OSCfg_TmrTaskStk                         0x200017e8   Data         512  os_cfg_app.o(.bss)
    OSIdleTaskTCB                            0x200019e8   Data         204  os_var.o(.bss)
    OSIntQTaskTCB                            0x20001ab4   Data         204  os_var.o(.bss)
    OSMsgPool                                0x20001b80   Data          12  os_var.o(.bss)
    OSRdyList                                0x20001b8c   Data         384  os_var.o(.bss)
    OSStatTaskTCB                            0x20001d0c   Data         204  os_var.o(.bss)
    OSTickTaskTCB                            0x20001dd8   Data         204  os_var.o(.bss)
    OSTmrMutex                               0x20001ea4   Data          48  os_var.o(.bss)
    OSTmrTaskTCB                             0x20001ed4   Data         204  os_var.o(.bss)
    CPU_Name                                 0x20001fa0   Data          16  cpu_core.o(.bss)
    MsgQueue                                 0x20009ad8   Data         192  main.o(.bss)
    stMsgHandle                              0x20009b98   Data         272  main.o(.bss)
    semExecMtrStat                           0x20009ca8   Data          40  main.o(.bss)
    semExecRoValStat                         0x20009cd0   Data          40  main.o(.bss)
    semExecSyrPumpStat                       0x20009cf8   Data          40  main.o(.bss)
    stTeeValveCtrl                           0x20009d70   Data          15  boardiodef.o(.bss)
    stMtrPosPara                             0x2000a3cc   Data          12  motordrv.o(.bss)
    semMtr1Ctrl                              0x2000a3d8   Data          40  motordrv.o(.bss)
    semSpiMsg                                0x2000a600   Data          80  spidrv.o(.bss)
    stAdc7689SpiSets                         0x2000a650   Data          18  spidrv.o(.bss)
    __libspace_start                         0x2000a664   Data          96  libspace.o(.bss)
    __temporary_stack_top$libspace           0x2000a6c4   Data           0  libspace.o(.bss)



==============================================================================

Memory Map of the image

  Image Entry point : 0x08000131

  Load Region LR_IROM1 (Base: 0x08000000, Size: 0x0000e418, Max: 0x00080000, ABSOLUTE, COMPRESSED[0x0000e2c0])

    Execution Region ER_IROM1 (Base: 0x08000000, Size: 0x0000e290, Max: 0x00080000, ABSOLUTE)

    Base Addr    Size         Type   Attr      Idx    E Section Name        Object

    0x08000000   0x00000130   Data   RO         3991    RESET               startup_stm32f10x_hd.o
    0x08000130   0x00000008   Code   RO         6477  * !!!main             c_w.l(__main.o)
    0x08000138   0x00000034   Code   RO         6763    !!!scatter          c_w.l(__scatter.o)
    0x0800016c   0x0000005a   Code   RO         6761    !!dczerorl2         c_w.l(__dczerorl2.o)
    0x080001c6   0x00000002   PAD
    0x080001c8   0x0000001c   Code   RO         6765    !!handler_zi        c_w.l(__scatter_zi.o)
    0x080001e4   0x00000000   Code   RO         6464    .ARM.Collect$$_printf_percent$$00000000  c_w.l(_printf_percent.o)
    0x080001e4   0x00000006   Code   RO         6529    .ARM.Collect$$_printf_percent$$00000001  c_w.l(_printf_n.o)
    0x080001ea   0x00000006   Code   RO         6531    .ARM.Collect$$_printf_percent$$00000002  c_w.l(_printf_p.o)
    0x080001f0   0x00000006   Code   RO         6535    .ARM.Collect$$_printf_percent$$00000003  c_w.l(_printf_f.o)
    0x080001f6   0x00000006   Code   RO         6536    .ARM.Collect$$_printf_percent$$00000004  c_w.l(_printf_e.o)
    0x080001fc   0x00000006   Code   RO         6537    .ARM.Collect$$_printf_percent$$00000005  c_w.l(_printf_g.o)
    0x08000202   0x00000006   Code   RO         6538    .ARM.Collect$$_printf_percent$$00000006  c_w.l(_printf_a.o)
    0x08000208   0x0000000a   Code   RO         6543    .ARM.Collect$$_printf_percent$$00000007  c_w.l(_printf_ll.o)
    0x08000212   0x00000006   Code   RO         6533    .ARM.Collect$$_printf_percent$$00000008  c_w.l(_printf_i.o)
    0x08000218   0x00000006   Code   RO         6463    .ARM.Collect$$_printf_percent$$00000009  c_w.l(_printf_d.o)
    0x0800021e   0x00000006   Code   RO         6534    .ARM.Collect$$_printf_percent$$0000000A  c_w.l(_printf_u.o)
    0x08000224   0x00000006   Code   RO         6532    .ARM.Collect$$_printf_percent$$0000000B  c_w.l(_printf_o.o)
    0x0800022a   0x00000006   Code   RO         6530    .ARM.Collect$$_printf_percent$$0000000C  c_w.l(_printf_x.o)
    0x08000230   0x00000006   Code   RO         6540    .ARM.Collect$$_printf_percent$$0000000D  c_w.l(_printf_lli.o)
    0x08000236   0x00000006   Code   RO         6541    .ARM.Collect$$_printf_percent$$0000000E  c_w.l(_printf_lld.o)
    0x0800023c   0x00000006   Code   RO         6542    .ARM.Collect$$_printf_percent$$0000000F  c_w.l(_printf_llu.o)
    0x08000242   0x00000006   Code   RO         6547    .ARM.Collect$$_printf_percent$$00000010  c_w.l(_printf_llo.o)
    0x08000248   0x00000006   Code   RO         6548    .ARM.Collect$$_printf_percent$$00000011  c_w.l(_printf_llx.o)
    0x0800024e   0x0000000a   Code   RO         6544    .ARM.Collect$$_printf_percent$$00000012  c_w.l(_printf_l.o)
    0x08000258   0x00000006   Code   RO         6528    .ARM.Collect$$_printf_percent$$00000013  c_w.l(_printf_c.o)
    0x0800025e   0x00000006   Code   RO         6462    .ARM.Collect$$_printf_percent$$00000014  c_w.l(_printf_s.o)
    0x08000264   0x00000006   Code   RO         6545    .ARM.Collect$$_printf_percent$$00000015  c_w.l(_printf_lc.o)
    0x0800026a   0x00000006   Code   RO         6546    .ARM.Collect$$_printf_percent$$00000016  c_w.l(_printf_ls.o)
    0x08000270   0x00000004   Code   RO         6539    .ARM.Collect$$_printf_percent$$00000017  c_w.l(_printf_percent_end.o)
    0x08000274   0x00000002   Code   RO         6622    .ARM.Collect$$libinit$$00000000  c_w.l(libinit.o)
    0x08000276   0x00000000   Code   RO         6639    .ARM.Collect$$libinit$$00000002  c_w.l(libinit2.o)
    0x08000276   0x00000000   Code   RO         6641    .ARM.Collect$$libinit$$00000004  c_w.l(libinit2.o)
    0x08000276   0x00000000   Code   RO         6644    .ARM.Collect$$libinit$$0000000A  c_w.l(libinit2.o)
    0x08000276   0x00000000   Code   RO         6646    .ARM.Collect$$libinit$$0000000C  c_w.l(libinit2.o)
    0x08000276   0x00000000   Code   RO         6648    .ARM.Collect$$libinit$$0000000E  c_w.l(libinit2.o)
    0x08000276   0x00000006   Code   RO         6649    .ARM.Collect$$libinit$$0000000F  c_w.l(libinit2.o)
    0x0800027c   0x00000000   Code   RO         6651    .ARM.Collect$$libinit$$00000011  c_w.l(libinit2.o)
    0x0800027c   0x0000000c   Code   RO         6652    .ARM.Collect$$libinit$$00000012  c_w.l(libinit2.o)
    0x08000288   0x00000000   Code   RO         6653    .ARM.Collect$$libinit$$00000013  c_w.l(libinit2.o)
    0x08000288   0x00000000   Code   RO         6655    .ARM.Collect$$libinit$$00000015  c_w.l(libinit2.o)
    0x08000288   0x0000000a   Code   RO         6656    .ARM.Collect$$libinit$$00000016  c_w.l(libinit2.o)
    0x08000292   0x00000000   Code   RO         6657    .ARM.Collect$$libinit$$00000017  c_w.l(libinit2.o)
    0x08000292   0x00000000   Code   RO         6659    .ARM.Collect$$libinit$$00000019  c_w.l(libinit2.o)
    0x08000292   0x00000000   Code   RO         6661    .ARM.Collect$$libinit$$0000001B  c_w.l(libinit2.o)
    0x08000292   0x00000000   Code   RO         6663    .ARM.Collect$$libinit$$0000001D  c_w.l(libinit2.o)
    0x08000292   0x00000000   Code   RO         6665    .ARM.Collect$$libinit$$0000001F  c_w.l(libinit2.o)
    0x08000292   0x00000000   Code   RO         6667    .ARM.Collect$$libinit$$00000021  c_w.l(libinit2.o)
    0x08000292   0x00000000   Code   RO         6669    .ARM.Collect$$libinit$$00000023  c_w.l(libinit2.o)
    0x08000292   0x00000000   Code   RO         6671    .ARM.Collect$$libinit$$00000025  c_w.l(libinit2.o)
    0x08000292   0x00000000   Code   RO         6675    .ARM.Collect$$libinit$$0000002C  c_w.l(libinit2.o)
    0x08000292   0x00000000   Code   RO         6677    .ARM.Collect$$libinit$$0000002E  c_w.l(libinit2.o)
    0x08000292   0x00000000   Code   RO         6679    .ARM.Collect$$libinit$$00000030  c_w.l(libinit2.o)
    0x08000292   0x00000000   Code   RO         6681    .ARM.Collect$$libinit$$00000032  c_w.l(libinit2.o)
    0x08000292   0x00000002   Code   RO         6682    .ARM.Collect$$libinit$$00000033  c_w.l(libinit2.o)
    0x08000294   0x00000002   Code   RO         6702    .ARM.Collect$$libshutdown$$00000000  c_w.l(libshutdown.o)
    0x08000296   0x00000000   Code   RO         6716    .ARM.Collect$$libshutdown$$00000003  c_w.l(libshutdown2.o)
    0x08000296   0x00000000   Code   RO         6719    .ARM.Collect$$libshutdown$$00000006  c_w.l(libshutdown2.o)
    0x08000296   0x00000000   Code   RO         6722    .ARM.Collect$$libshutdown$$00000009  c_w.l(libshutdown2.o)
    0x08000296   0x00000000   Code   RO         6724    .ARM.Collect$$libshutdown$$0000000B  c_w.l(libshutdown2.o)
    0x08000296   0x00000000   Code   RO         6727    .ARM.Collect$$libshutdown$$0000000E  c_w.l(libshutdown2.o)
    0x08000296   0x00000002   Code   RO         6728    .ARM.Collect$$libshutdown$$0000000F  c_w.l(libshutdown2.o)
    0x08000298   0x00000000   Code   RO         6479    .ARM.Collect$$rtentry$$00000000  c_w.l(__rtentry.o)
    0x08000298   0x00000000   Code   RO         6552    .ARM.Collect$$rtentry$$00000002  c_w.l(__rtentry2.o)
    0x08000298   0x00000006   Code   RO         6564    .ARM.Collect$$rtentry$$00000004  c_w.l(__rtentry4.o)
    0x0800029e   0x00000000   Code   RO         6554    .ARM.Collect$$rtentry$$00000009  c_w.l(__rtentry2.o)
    0x0800029e   0x00000004   Code   RO         6555    .ARM.Collect$$rtentry$$0000000A  c_w.l(__rtentry2.o)
    0x080002a2   0x00000000   Code   RO         6557    .ARM.Collect$$rtentry$$0000000C  c_w.l(__rtentry2.o)
    0x080002a2   0x00000008   Code   RO         6558    .ARM.Collect$$rtentry$$0000000D  c_w.l(__rtentry2.o)
    0x080002aa   0x00000002   Code   RO         6631    .ARM.Collect$$rtexit$$00000000  c_w.l(rtexit.o)
    0x080002ac   0x00000000   Code   RO         6684    .ARM.Collect$$rtexit$$00000002  c_w.l(rtexit2.o)
    0x080002ac   0x00000004   Code   RO         6685    .ARM.Collect$$rtexit$$00000003  c_w.l(rtexit2.o)
    0x080002b0   0x00000006   Code   RO         6686    .ARM.Collect$$rtexit$$00000004  c_w.l(rtexit2.o)
    0x080002b6   0x00000002   PAD
    0x080002b8   0x00000038   Code   RO         3992    .text               startup_stm32f10x_hd.o
    0x080002f0   0x00000034   Code   RO         3996    .text               cpu_a.o
    0x08000324   0x00000034   Code   RO         6430    .text               c_w.l(c89vsnprintf.o)
    0x08000358   0x0000002c   Code   RO         6432    .text               c_w.l(__2sprintf.o)
    0x08000384   0x00000052   Code   RO         6438    .text               c_w.l(_printf_str.o)
    0x080003d6   0x00000002   PAD
    0x080003d8   0x00000078   Code   RO         6440    .text               c_w.l(_printf_dec.o)
    0x08000450   0x00000188   Code   RO         6459    .text               c_w.l(__printf_flags_ss_wp.o)
    0x080005d8   0x0000003e   Code   RO         6465    .text               c_w.l(strlen.o)
    0x08000616   0x0000008a   Code   RO         6467    .text               c_w.l(rt_memcpy_v6.o)
    0x080006a0   0x00000064   Code   RO         6469    .text               c_w.l(rt_memcpy_w.o)
    0x08000704   0x00000044   Code   RO         6471    .text               c_w.l(rt_memclr.o)
    0x08000748   0x0000004e   Code   RO         6473    .text               c_w.l(rt_memclr_w.o)
    0x08000796   0x00000006   Code   RO         6475    .text               c_w.l(heapauxi.o)
    0x0800079c   0x0000004e   Code   RO         6480    .text               c_w.l(_printf_pad.o)
    0x080007ea   0x00000024   Code   RO         6482    .text               c_w.l(_printf_truncate.o)
    0x0800080e   0x000000b2   Code   RO         6484    .text               c_w.l(_printf_intcommon.o)
    0x080008c0   0x00000028   Code   RO         6486    .text               c_w.l(_printf_charcount.o)
    0x080008e8   0x00000030   Code   RO         6488    .text               c_w.l(_printf_char_common.o)
    0x08000918   0x0000000a   Code   RO         6490    .text               c_w.l(_sputc.o)
    0x08000922   0x00000010   Code   RO         6492    .text               c_w.l(_snputc.o)
    0x08000932   0x0000002c   Code   RO         6494    .text               c_w.l(_printf_char.o)
    0x0800095e   0x00000002   PAD
    0x08000960   0x000000bc   Code   RO         6496    .text               c_w.l(_printf_wctomb.o)
    0x08000a1c   0x0000007c   Code   RO         6499    .text               c_w.l(_printf_longlong_dec.o)
    0x08000a98   0x00000070   Code   RO         6505    .text               c_w.l(_printf_oct_int_ll.o)
    0x08000b08   0x00000094   Code   RO         6525    .text               c_w.l(_printf_hex_int_ll_ptr.o)
    0x08000b9c   0x0000008a   Code   RO         6566    .text               c_w.l(lludiv10.o)
    0x08000c26   0x0000041a   Code   RO         6568    .text               c_w.l(_printf_fp_dec.o)
    0x08001040   0x0000002c   Code   RO         6572    .text               c_w.l(_printf_wchar.o)
    0x0800106c   0x00000040   Code   RO         6574    .text               c_w.l(_wcrtomb.o)
    0x080010ac   0x0000004a   Code   RO         6576    .text               c_w.l(sys_stackheap_outer.o)
    0x080010f6   0x00000002   PAD
    0x080010f8   0x00000010   Code   RO         6578    .text               c_w.l(rt_ctype_table.o)
    0x08001108   0x00000008   Code   RO         6583    .text               c_w.l(rt_locale_intlibspace.o)
    0x08001110   0x00000080   Code   RO         6585    .text               c_w.l(_printf_fp_infnan.o)
    0x08001190   0x000000dc   Code   RO         6587    .text               c_w.l(bigflt0.o)
    0x0800126c   0x0000000c   Code   RO         6615    .text               c_w.l(exit.o)
    0x08001278   0x00000008   Code   RO         6628    .text               c_w.l(libspace.o)
    0x08001280   0x00000080   Code   RO         6636    .text               c_w.l(strcmpv7m.o)
    0x08001300   0x0000000c   Code   RO         6694    .text               c_w.l(sys_exit.o)
    0x0800130c   0x00000002   Code   RO         6705    .text               c_w.l(use_no_semi.o)
    0x0800130e   0x00000000   Code   RO         6707    .text               c_w.l(indicate_semi.o)
    0x0800130e   0x0000003e   Code   RO         6590    CL$$btod_d2e        c_w.l(btod.o)
    0x0800134c   0x00000046   Code   RO         6592    CL$$btod_d2e_denorm_low  c_w.l(btod.o)
    0x08001392   0x00000060   Code   RO         6591    CL$$btod_d2e_norm_op1  c_w.l(btod.o)
    0x080013f2   0x00000338   Code   RO         6600    CL$$btod_div_common  c_w.l(btod.o)
    0x0800172a   0x000000c6   Code   RO         6597    CL$$btod_e2e        c_w.l(btod.o)
    0x080017f0   0x00000028   Code   RO         6594    CL$$btod_ediv       c_w.l(btod.o)
    0x08001818   0x00000028   Code   RO         6593    CL$$btod_emul       c_w.l(btod.o)
    0x08001840   0x00000244   Code   RO         6599    CL$$btod_mult_common  c_w.l(btod.o)
    0x08001a84   0x000000d8   Code   RO         5381    CODE                os_cpu_a.o
    0x08001b5c   0x0000000a   Code   RO         3385    i.ADC1_2_IRQHandler  bsp_int.o
    0x08001b66   0x00000002   PAD
    0x08001b68   0x000000dc   Code   RO         5677    i.ADC7689_ConvAndRecv  adc7689.o
    0x08001c44   0x00000018   Code   RO         5678    i.ADC7689_Init      adc7689.o
    0x08001c5c   0x00000034   Code   RO         5679    i.ADC7689_ReadWriteByte  adc7689.o
    0x08001c90   0x00000038   Code   RO         5681    i.ADC_SetValue      adc7689.o
    0x08001cc8   0x00000056   Code   RO         6087    i.AckUpLayerComm    hexprotocol.o
    0x08001d1e   0x00000002   PAD
    0x08001d20   0x00000054   Code   RO         5464    i.AppAdConv         main.o
    0x08001d74   0x00000048   Code   RO         5465    i.AppCleanFlow      main.o
    0x08001dbc   0x000000b4   Code   RO         5466    i.AppMotor1Ctrl     main.o
    0x08001e70   0x00000002   Code   RO         5467    i.AppObjCreate      main.o
    0x08001e72   0x00000002   PAD
    0x08001e74   0x00000466   Code   RO         5468    i.AppPrimeFlow      main.o
    0x080022da   0x00000002   PAD
    0x080022dc   0x00000074   Code   RO         5469    i.AppRotateValve    main.o
    0x08002350   0x000000a4   Code   RO         5470    i.AppSyrPump        main.o
    0x080023f4   0x000006cc   Code   RO         5471    i.AppTaskCreate     main.o
    0x08002ac0   0x00000258   Code   RO         5472    i.AppTaskStart      main.o
    0x08002d18   0x000000c8   Code   RO         5473    i.AppTeeValveCtrl   main.o
    0x08002de0   0x00000048   Code   RO         5474    i.AppTempCtrl       main.o
    0x08002e28   0x00000048   Code   RO         5475    i.AppTestFlow       main.o
    0x08002e70   0x0000007c   Code   RO         5476    i.AppUart1Recv      main.o
    0x08002eec   0x000000c8   Code   RO         5477    i.AppUart2Recv      main.o
    0x08002fb4   0x000000f8   Code   RO         5478    i.AppUart3Recv      main.o
    0x080030ac   0x00000080   Code   RO         5479    i.AppUart4Recv      main.o
    0x0800312c   0x00000036   Code   RO         6088    i.Ascii2Hex         hexprotocol.o
    0x08003162   0x00000002   PAD
    0x08003164   0x00000114   Code   RO         5730    i.BSP_BoardIoInit   boardiodef.o
    0x08003278   0x00000010   Code   RO         3249    i.BSP_CPU_ClkFreq   bsp.o
    0x08003288   0x00000090   Code   RO         3250    i.BSP_Init          bsp.o
    0x08003318   0x00000014   Code   RO         3387    i.BSP_IntDis        bsp_int.o
    0x0800332c   0x00000008   Code   RO         3388    i.BSP_IntDisAll     bsp_int.o
    0x08003334   0x00000014   Code   RO         3389    i.BSP_IntEn         bsp_int.o
    0x08003348   0x00000048   Code   RO         3390    i.BSP_IntHandler    bsp_int.o
    0x08003390   0x00000002   Code   RO         3391    i.BSP_IntHandlerDummy  bsp_int.o
    0x08003392   0x00000002   PAD
    0x08003394   0x0000001c   Code   RO         3392    i.BSP_IntInit       bsp_int.o
    0x080033b0   0x0000003c   Code   RO         3394    i.BSP_IntVectSet    bsp_int.o
    0x080033ec   0x00000050   Code   RO         3251    i.BSP_LED_Init      bsp.o
    0x0800343c   0x00000044   Code   RO         3252    i.BSP_LED_Off       bsp.o
    0x08003480   0x000000a4   Code   RO         3254    i.BSP_LED_Toggle    bsp.o
    0x08003524   0x00000022   Code   RO         3721    i.BSP_OS_SemCreate  bsp_os.o
    0x08003546   0x0000001c   Code   RO         3722    i.BSP_OS_SemPost    bsp_os.o
    0x08003562   0x00000002   PAD
    0x08003564   0x00000038   Code   RO         3723    i.BSP_OS_SemWait    bsp_os.o
    0x0800359c   0x0000006c   Code   RO         3724    i.BSP_OS_TimeDlyMs  bsp_os.o
    0x08003608   0x00000100   Code   RO         3768    i.BSP_PeriphEn      bsp_periph.o
    0x08003708   0x00000158   Code   RO         6212    i.BSP_SPI_1_ISR_Handler  spidrv.o
    0x08003860   0x0000016c   Code   RO         6213    i.BSP_SPI_2_ISR_Handler  spidrv.o
    0x080039cc   0x0000000a   Code   RO         3798    i.BSP_Ser_1_ISR_Handler  bsp_ser.o
    0x080039d6   0x0000000a   Code   RO         3799    i.BSP_Ser_2_ISR_Handler  bsp_ser.o
    0x080039e0   0x0000000a   Code   RO         3800    i.BSP_Ser_3_ISR_Handler  bsp_ser.o
    0x080039ea   0x0000000a   Code   RO         3801    i.BSP_Ser_4_ISR_Handler  bsp_ser.o
    0x080039f4   0x000002c0   Code   RO         3802    i.BSP_Ser_Init      bsp_ser.o
    0x08003cb4   0x00000026   Code   RO         3803    i.BSP_Ser_Printf    bsp_ser.o
    0x08003cda   0x00000002   PAD
    0x08003cdc   0x00000094   Code   RO         3804    i.BSP_Ser_RdHex     bsp_ser.o
    0x08003d70   0x000000ec   Code   RO         3805    i.BSP_Ser_Send_Recv  bsp_ser.o
    0x08003e5c   0x00000064   Code   RO         3807    i.BSP_Ser_WrByteUnlocked  bsp_ser.o
    0x08003ec0   0x0000005c   Code   RO         3808    i.BSP_Ser_WrHex     bsp_ser.o
    0x08003f1c   0x0000006c   Code   RO         3809    i.BSP_Ser_WrStr     bsp_ser.o
    0x08003f88   0x000000a0   Code   RO         5731    i.BSP_Spi1GpioInit  boardiodef.o
    0x08004028   0x000000ac   Code   RO         5732    i.BSP_Spi2GpioInit  boardiodef.o
    0x080040d4   0x00000020   Code   RO         5802    i.BSP_Timer_3_ISR_Handler  motorbsp.o
    0x080040f4   0x00000004   Code   RO         5611    i.BusFault_Handler  stm32f10x_it.o
    0x080040f8   0x0000000a   Code   RO         3395    i.CAN1_RX1_IRQHandler  bsp_int.o
    0x08004102   0x0000000a   Code   RO         3396    i.CAN1_SCE_IRQHandler  bsp_int.o
    0x0800410c   0x00000010   Code   RO         5220    i.CPU_Init          cpu_core.o
    0x0800411c   0x00000084   Code   RO         5221    i.CPU_IntDisMeasInit  cpu_core.o
    0x080041a0   0x0000001c   Code   RO         5222    i.CPU_IntDisMeasMaxCalc  cpu_core.o
    0x080041bc   0x0000002c   Code   RO         5223    i.CPU_IntDisMeasMaxCurGet  cpu_core.o
    0x080041e8   0x0000002c   Code   RO         5224    i.CPU_IntDisMeasMaxCurReset  cpu_core.o
    0x08004214   0x0000002c   Code   RO         5225    i.CPU_IntDisMeasMaxGet  cpu_core.o
    0x08004240   0x00000034   Code   RO         5226    i.CPU_IntDisMeasStart  cpu_core.o
    0x08004274   0x00000054   Code   RO         5227    i.CPU_IntDisMeasStop  cpu_core.o
    0x080042c8   0x00000178   Code   RO         5166    i.CPU_IntSrcDis     cpu_c.o
    0x08004440   0x00000178   Code   RO         5167    i.CPU_IntSrcEn      cpu_c.o
    0x080045b8   0x00000038   Code   RO         5228    i.CPU_NameClr       cpu_core.o
    0x080045f0   0x00000008   Code   RO         5230    i.CPU_NameInit      cpu_core.o
    0x080045f8   0x00000014   Code   RO         5234    i.CPU_TS_Init       cpu_core.o
    0x0800460c   0x0000000c   Code   RO         5236    i.CPU_TS_TmrFreqSet  cpu_core.o
    0x08004618   0x00000034   Code   RO         3255    i.CPU_TS_TmrInit    bsp.o
    0x0800464c   0x0000000c   Code   RO         3256    i.CPU_TS_TmrRd      bsp.o
    0x08004658   0x00000040   Code   RO         6089    i.CRC_GetValue      hexprotocol.o
    0x08004698   0x0000000a   Code   RO         3397    i.DMA1_Channel1_IRQHandler  bsp_int.o
    0x080046a2   0x0000000a   Code   RO         3398    i.DMA1_Channel2_IRQHandler  bsp_int.o
    0x080046ac   0x0000000a   Code   RO         3399    i.DMA1_Channel3_IRQHandler  bsp_int.o
    0x080046b6   0x0000000a   Code   RO         3400    i.DMA1_Channel4_IRQHandler  bsp_int.o
    0x080046c0   0x0000000a   Code   RO         3401    i.DMA1_Channel5_IRQHandler  bsp_int.o
    0x080046ca   0x0000000a   Code   RO         3402    i.DMA1_Channel6_IRQHandler  bsp_int.o
    0x080046d4   0x0000000a   Code   RO         3403    i.DMA1_Channel7_IRQHandler  bsp_int.o
    0x080046de   0x00000002   Code   RO         5612    i.DebugMon_Handler  stm32f10x_it.o
    0x080046e0   0x0000000a   Code   RO         3404    i.EXTI0_IRQHandler  bsp_int.o
    0x080046ea   0x0000000a   Code   RO         3405    i.EXTI15_10_IRQHandler  bsp_int.o
    0x080046f4   0x0000000a   Code   RO         3406    i.EXTI1_IRQHandler  bsp_int.o
    0x080046fe   0x0000000a   Code   RO         3407    i.EXTI2_IRQHandler  bsp_int.o
    0x08004708   0x0000000a   Code   RO         3408    i.EXTI3_IRQHandler  bsp_int.o
    0x08004712   0x0000000a   Code   RO         3409    i.EXTI4_IRQHandler  bsp_int.o
    0x0800471c   0x0000000a   Code   RO         3410    i.EXTI9_5_IRQHandler  bsp_int.o
    0x08004726   0x0000000a   Code   RO         6090    i.EndianSwap16      hexprotocol.o
    0x08004730   0x0000000a   Code   RO         3411    i.FLASH_IRQHandler  bsp_int.o
    0x0800473a   0x00000002   PAD
    0x0800473c   0x0000001c   Code   RO         1046    i.FLASH_PrefetchBufferCmd  stm32f10x_flash.o
    0x08004758   0x00000018   Code   RO         1051    i.FLASH_SetLatency  stm32f10x_flash.o
    0x08004770   0x00000116   Code   RO         1345    i.GPIO_Init         stm32f10x_gpio.o
    0x08004886   0x00000008   Code   RO         1350    i.GPIO_ReadOutputData  stm32f10x_gpio.o
    0x0800488e   0x00000004   Code   RO         1352    i.GPIO_ResetBits    stm32f10x_gpio.o
    0x08004892   0x00000004   Code   RO         1353    i.GPIO_SetBits      stm32f10x_gpio.o
    0x08004896   0x00000002   PAD
    0x08004898   0x0000000c   Code   RO         6091    i.GetSysCurrOperation  hexprotocol.o
    0x080048a4   0x000000dc   Code   RO         6092    i.HEXPR_FrameDecode  hexprotocol.o
    0x08004980   0x000003b4   Code   RO         6093    i.HEX_MotorCtrlTask  hexprotocol.o
    0x08004d34   0x00000298   Code   RO         6094    i.HEX_RoValveTask   hexprotocol.o
    0x08004fcc   0x000003b0   Code   RO         6095    i.HEX_SyrPumpTask   hexprotocol.o
    0x0800537c   0x00000004   Code   RO         5613    i.HardFault_Handler  stm32f10x_it.o
    0x08005380   0x0000000a   Code   RO         3412    i.I2C1_ER_IRQHandler  bsp_int.o
    0x0800538a   0x0000000a   Code   RO         3413    i.I2C1_EV_IRQHandler  bsp_int.o
    0x08005394   0x0000000a   Code   RO         3414    i.I2C2_ER_IRQHandler  bsp_int.o
    0x0800539e   0x0000000a   Code   RO         3415    i.I2C2_EV_IRQHandler  bsp_int.o
    0x080053a8   0x00000018   Code   RO         5803    i.IsMotorHomeValid  motorbsp.o
    0x080053c0   0x00000020   Code   RO         5804    i.IsMotorLimitValid  motorbsp.o
    0x080053e0   0x000000c4   Code   RO         5902    i.MOTOR_CalcAccDecPara  motordrv.o
    0x080054a4   0x0000012a   Code   RO         5903    i.MOTOR_FreqControl  motordrv.o
    0x080055ce   0x00000002   PAD
    0x080055d0   0x00000024   Code   RO         5904    i.MOTOR_GetAxisPulse  motordrv.o
    0x080055f4   0x00000014   Code   RO         5905    i.MOTOR_GetCurrCtrlType  motordrv.o
    0x08005608   0x0000001c   Code   RO         5906    i.MOTOR_GetCurrError  motordrv.o
    0x08005624   0x00000014   Code   RO         5907    i.MOTOR_GetCurrStat  motordrv.o
    0x08005638   0x0000000a   Code   RO         5908    i.MOTOR_GetDivision  motordrv.o
    0x08005642   0x00000002   PAD
    0x08005644   0x00000050   Code   RO         5909    i.MOTOR_GetPosPara  motordrv.o
    0x08005694   0x000000e8   Code   RO         5805    i.MOTOR_GpioInit    motorbsp.o
    0x0800577c   0x000001d0   Code   RO         5911    i.MOTOR_Home        motordrv.o
    0x0800594c   0x00000010   Code   RO         5806    i.MOTOR_MotorRun    motorbsp.o
    0x0800595c   0x00000010   Code   RO         5807    i.MOTOR_MotorStop   motorbsp.o
    0x0800596c   0x00000264   Code   RO         5912    i.MOTOR_MoveAbsolute  motordrv.o
    0x08005bd0   0x000001d8   Code   RO         5913    i.MOTOR_MoveRelative  motordrv.o
    0x08005da8   0x0000015c   Code   RO         5914    i.MOTOR_ParameterInit  motordrv.o
    0x08005f04   0x0000015c   Code   RO         5915    i.MOTOR_PulseUpdate  motordrv.o
    0x08006060   0x00000016   Code   RO         5808    i.MOTOR_RunCallBack  motorbsp.o
    0x08006076   0x00000002   PAD
    0x08006078   0x00000038   Code   RO         5917    i.MOTOR_SetCurrError  motordrv.o
    0x080060b0   0x00000030   Code   RO         5918    i.MOTOR_SetCurrStat  motordrv.o
    0x080060e0   0x00000020   Code   RO         5809    i.MOTOR_SetMotorDirt  motorbsp.o
    0x08006100   0x00000004   Code   RO         5614    i.MemManage_Handler  stm32f10x_it.o
    0x08006104   0x000001a0   Code   RO         5480    i.MotionMachineReset  main.o
    0x080062a4   0x00000002   Code   RO         5615    i.NMI_Handler       stm32f10x_it.o
    0x080062a6   0x00000002   PAD
    0x080062a8   0x00000070   Code   RO            3    i.NVIC_Init         misc.o
    0x08006318   0x00000002   Code   RO         3999    i.OSCfg_Init        os_cfg_app.o
    0x0800631a   0x00000002   PAD
    0x0800631c   0x00000014   Code   RO         5384    i.OSIdleTaskHook    os_cpu_c.o
    0x08006330   0x0000018c   Code   RO         4022    i.OSInit            os_core.o
    0x080064bc   0x00000028   Code   RO         5385    i.OSInitHook        os_cpu_c.o
    0x080064e4   0x0000002c   Code   RO         4023    i.OSIntEnter        os_core.o
    0x08006510   0x000000dc   Code   RO         4024    i.OSIntExit         os_core.o
    0x080065ec   0x000000e4   Code   RO         4463    i.OSMutexCreate     os_mutex.o
    0x080066d0   0x00000258   Code   RO         4465    i.OSMutexPend       os_mutex.o
    0x08006928   0x000002cc   Code   RO         4467    i.OSMutexPost       os_mutex.o
    0x08006bf4   0x000000f0   Code   RO         4614    i.OSQCreate         os_q.o
    0x08006ce4   0x00000240   Code   RO         4617    i.OSQPend           os_q.o
    0x08006f24   0x000000b8   Code   RO         4619    i.OSQPost           os_q.o
    0x08006fdc   0x000000a4   Code   RO         4025    i.OSSched           os_core.o
    0x08007080   0x0000007c   Code   RO         4026    i.OSSchedLock       os_core.o
    0x080070fc   0x000000a0   Code   RO         4029    i.OSSchedUnlock     os_core.o
    0x0800719c   0x000000e4   Code   RO         4686    i.OSSemCreate       os_sem.o
    0x08007280   0x0000021c   Code   RO         4688    i.OSSemPend         os_sem.o
    0x0800749c   0x00000098   Code   RO         4690    i.OSSemPost         os_sem.o
    0x08007534   0x00000088   Code   RO         4691    i.OSSemSet          os_sem.o
    0x080075bc   0x00000068   Code   RO         4030    i.OSStart           os_core.o
    0x08007624   0x00000168   Code   RO         4758    i.OSStatReset       os_stat.o
    0x0800778c   0x00000100   Code   RO         4759    i.OSStatTaskCPUUsageInit  os_stat.o
    0x0800788c   0x00000014   Code   RO         5386    i.OSStatTaskHook    os_cpu_c.o
    0x080078a0   0x00000294   Code   RO         4789    i.OSTaskCreate      os_task.o
    0x08007b34   0x00000018   Code   RO         5387    i.OSTaskCreateHook  os_cpu_c.o
    0x08007b4c   0x0000027c   Code   RO         4790    i.OSTaskDel         os_task.o
    0x08007dc8   0x00000018   Code   RO         5388    i.OSTaskDelHook     os_cpu_c.o
    0x08007de0   0x00000088   Code   RO         4798    i.OSTaskResume      os_task.o
    0x08007e68   0x00000018   Code   RO         5389    i.OSTaskReturnHook  os_cpu_c.o
    0x08007e80   0x00000250   Code   RO         4799    i.OSTaskSemPend     os_task.o
    0x080080d0   0x000000e4   Code   RO         4803    i.OSTaskStkChk      os_task.o
    0x080081b4   0x000000c4   Code   RO         5390    i.OSTaskStkInit     os_cpu_c.o
    0x08008278   0x00000060   Code   RO         4804    i.OSTaskSuspend     os_task.o
    0x080082d8   0x000000a4   Code   RO         5391    i.OSTaskSwHook      os_cpu_c.o
    0x0800837c   0x00000144   Code   RO         5014    i.OSTimeDly         os_time.o
    0x080084c0   0x0000022c   Code   RO         5015    i.OSTimeDlyHMSM     os_time.o
    0x080086ec   0x00000044   Code   RO         5019    i.OSTimeTick        os_time.o
    0x08008730   0x00000014   Code   RO         5392    i.OSTimeTickHook    os_cpu_c.o
    0x08008744   0x00000030   Code   RO         5393    i.OS_CPU_SysTickInit  os_cpu_c.o
    0x08008774   0x000001ac   Code   RO         4262    i.OS_Dbg_Init       os_dbg.o
    0x08008920   0x00000018   Code   RO         4287    i.OS_FlagInit       os_flag.o
    0x08008938   0x0000027c   Code   RO         4288    i.OS_FlagPost       os_flag.o
    0x08008bb4   0x00000064   Code   RO         4289    i.OS_FlagTaskRdy    os_flag.o
    0x08008c18   0x0000004c   Code   RO         4032    i.OS_IdleTask       os_core.o
    0x08008c64   0x00000070   Code   RO         4033    i.OS_IdleTaskInit   os_core.o
    0x08008cd4   0x00000104   Code   RO         4361    i.OS_IntQPost       os_int.o
    0x08008dd8   0x000001a4   Code   RO         4362    i.OS_IntQRePost     os_int.o
    0x08008f7c   0x000000c4   Code   RO         4363    i.OS_IntQTask       os_int.o
    0x08009040   0x00000128   Code   RO         4364    i.OS_IntQTaskInit   os_int.o
    0x08009168   0x00000018   Code   RO         4395    i.OS_MemInit        os_mem.o
    0x08009180   0x0000007c   Code   RO         4427    i.OS_MsgPoolInit    os_msg.o
    0x080091fc   0x00000044   Code   RO         4428    i.OS_MsgQFreeAll    os_msg.o
    0x08009240   0x00000068   Code   RO         4429    i.OS_MsgQGet        os_msg.o
    0x080092a8   0x0000000e   Code   RO         4430    i.OS_MsgQInit       os_msg.o
    0x080092b6   0x00000002   PAD
    0x080092b8   0x00000104   Code   RO         4431    i.OS_MsgQPut        os_msg.o
    0x080093bc   0x00000030   Code   RO         4469    i.OS_MutexDbgListAdd  os_mutex.o
    0x080093ec   0x00000008   Code   RO         4471    i.OS_MutexGrpAdd    os_mutex.o
    0x080093f4   0x00000060   Code   RO         4472    i.OS_MutexGrpPostAll  os_mutex.o
    0x08009454   0x0000002c   Code   RO         4473    i.OS_MutexGrpPrioFindHighest  os_mutex.o
    0x08009480   0x0000001c   Code   RO         4474    i.OS_MutexGrpRemove  os_mutex.o
    0x0800949c   0x00000018   Code   RO         4475    i.OS_MutexInit      os_mutex.o
    0x080094b4   0x00000068   Code   RO         4034    i.OS_Pend           os_core.o
    0x0800951c   0x00000028   Code   RO         4037    i.OS_PendDataInit   os_core.o
    0x08009544   0x0000005c   Code   RO         4038    i.OS_PendDbgNameAdd  os_core.o
    0x080095a0   0x00000024   Code   RO         4039    i.OS_PendDbgNameRemove  os_core.o
    0x080095c4   0x0000003a   Code   RO         4040    i.OS_PendListChangePrio  os_core.o
    0x080095fe   0x0000000a   Code   RO         4041    i.OS_PendListInit   os_core.o
    0x08009608   0x00000066   Code   RO         4043    i.OS_PendListInsertPrio  os_core.o
    0x0800966e   0x00000034   Code   RO         4044    i.OS_PendListRemove  os_core.o
    0x080096a2   0x00000042   Code   RO         4045    i.OS_PendListRemove1  os_core.o
    0x080096e4   0x000000d6   Code   RO         4048    i.OS_Post           os_core.o
    0x080097ba   0x0000002c   Code   RO         4049    i.OS_Post1          os_core.o
    0x080097e6   0x00000002   PAD
    0x080097e8   0x00000028   Code   RO         4577    i.OS_PrioGetHighest  os_prio.o
    0x08009810   0x00000018   Code   RO         4578    i.OS_PrioInit       os_prio.o
    0x08009828   0x00000024   Code   RO         4579    i.OS_PrioInsert     os_prio.o
    0x0800984c   0x00000024   Code   RO         4580    i.OS_PrioRemove     os_prio.o
    0x08009870   0x00000030   Code   RO         4621    i.OS_QDbgListAdd    os_q.o
    0x080098a0   0x00000018   Code   RO         4623    i.OS_QInit          os_q.o
    0x080098b8   0x00000188   Code   RO         4624    i.OS_QPost          os_q.o
    0x08009a40   0x00000024   Code   RO         4050    i.OS_RdyListInit    os_core.o
    0x08009a64   0x0000002c   Code   RO         4051    i.OS_RdyListInsert  os_core.o
    0x08009a90   0x00000040   Code   RO         4052    i.OS_RdyListInsertHead  os_core.o
    0x08009ad0   0x0000003c   Code   RO         4053    i.OS_RdyListInsertTail  os_core.o
    0x08009b0c   0x00000044   Code   RO         4054    i.OS_RdyListMoveHeadToTail  os_core.o
    0x08009b50   0x0000005c   Code   RO         4055    i.OS_RdyListRemove  os_core.o
    0x08009bac   0x00000054   Code   RO         4056    i.OS_Sched0         os_core.o
    0x08009c00   0x0000001c   Code   RO         4057    i.OS_SchedLockTimeMeasStart  os_core.o
    0x08009c1c   0x0000003c   Code   RO         4058    i.OS_SchedLockTimeMeasStop  os_core.o
    0x08009c58   0x000000ec   Code   RO         4059    i.OS_SchedRoundRobin  os_core.o
    0x08009d44   0x00000030   Code   RO         4693    i.OS_SemDbgListAdd  os_sem.o
    0x08009d74   0x00000018   Code   RO         4695    i.OS_SemInit        os_sem.o
    0x08009d8c   0x00000198   Code   RO         4696    i.OS_SemPost        os_sem.o
    0x08009f24   0x000003b4   Code   RO         4760    i.OS_StatTask       os_stat.o
    0x0800a2d8   0x000000cc   Code   RO         4761    i.OS_StatTaskInit   os_stat.o
    0x0800a3a4   0x0000002c   Code   RO         4060    i.OS_TaskBlock      os_core.o
    0x0800a3d0   0x000000ec   Code   RO         4806    i.OS_TaskChangePrio  os_task.o
    0x0800a4bc   0x00000030   Code   RO         4807    i.OS_TaskDbgListAdd  os_task.o
    0x0800a4ec   0x00000044   Code   RO         4808    i.OS_TaskDbgListRemove  os_task.o
    0x0800a530   0x00000020   Code   RO         4809    i.OS_TaskInit       os_task.o
    0x0800a550   0x000000d0   Code   RO         4810    i.OS_TaskInitTCB    os_task.o
    0x0800a620   0x0000026c   Code   RO         4811    i.OS_TaskQPost      os_task.o
    0x0800a88c   0x0000017c   Code   RO         4812    i.OS_TaskResume     os_task.o
    0x0800aa08   0x00000018   Code   RO         4813    i.OS_TaskReturn     os_task.o
    0x0800aa20   0x000005a8   Code   RO         4814    i.OS_TaskSemPost    os_task.o
    0x0800afc8   0x00000190   Code   RO         4815    i.OS_TaskSuspend    os_task.o
    0x0800b158   0x00000086   Code   RO         4962    i.OS_TickListInsert  os_tick.o
    0x0800b1de   0x00000002   PAD
    0x0800b1e0   0x000000bc   Code   RO         4963    i.OS_TickListInsertDly  os_tick.o
    0x0800b29c   0x00000058   Code   RO         4964    i.OS_TickListRemove  os_tick.o
    0x0800b2f4   0x00000002   Code   RO         4965    i.OS_TickListResetPeak  os_tick.o
    0x0800b2f6   0x00000002   PAD
    0x0800b2f8   0x00000130   Code   RO         4966    i.OS_TickListUpdateDly  os_tick.o
    0x0800b428   0x000001ac   Code   RO         4967    i.OS_TickListUpdateTimeout  os_tick.o
    0x0800b5d4   0x000000fc   Code   RO         4968    i.OS_TickTask       os_tick.o
    0x0800b6d0   0x000000c8   Code   RO         4969    i.OS_TickTaskInit   os_tick.o
    0x0800b798   0x00000134   Code   RO         5065    i.OS_TmrInit        os_tmr.o
    0x0800b8cc   0x00000018   Code   RO         5066    i.OS_TmrLock        os_tmr.o
    0x0800b8e4   0x00000002   Code   RO         5067    i.OS_TmrResetPeak   os_tmr.o
    0x0800b8e6   0x00000002   PAD
    0x0800b8e8   0x00000094   Code   RO         5068    i.OS_TmrTask        os_tmr.o
    0x0800b97c   0x00000044   Code   RO         5069    i.OS_TmrUnlink      os_tmr.o
    0x0800b9c0   0x00000014   Code   RO         5070    i.OS_TmrUnlock      os_tmr.o
    0x0800b9d4   0x00000070   Code   RO         6096    i.OrderMakeToFrame  hexprotocol.o
    0x0800ba44   0x0000000a   Code   RO         3416    i.PVD_IRQHandler    bsp_int.o
    0x0800ba4e   0x00000002   PAD
    0x0800ba50   0x00000020   Code   RO         1793    i.RCC_APB1PeriphClockCmd  stm32f10x_rcc.o
    0x0800ba70   0x00000020   Code   RO         1795    i.RCC_APB2PeriphClockCmd  stm32f10x_rcc.o
    0x0800ba90   0x0000000c   Code   RO         1801    i.RCC_ClockSecuritySystemCmd  stm32f10x_rcc.o
    0x0800ba9c   0x0000004c   Code   RO         1802    i.RCC_DeInit        stm32f10x_rcc.o
    0x0800bae8   0x00000064   Code   RO         5810    i.RCC_GetAPBClock   motorbsp.o
    0x0800bb4c   0x000000d4   Code   RO         1803    i.RCC_GetClocksFreq  stm32f10x_rcc.o
    0x0800bc20   0x0000003c   Code   RO         1804    i.RCC_GetFlagStatus  stm32f10x_rcc.o
    0x0800bc5c   0x00000010   Code   RO         1806    i.RCC_GetSYSCLKSource  stm32f10x_rcc.o
    0x0800bc6c   0x00000018   Code   RO         1807    i.RCC_HCLKConfig    stm32f10x_rcc.o
    0x0800bc84   0x0000004c   Code   RO         1808    i.RCC_HSEConfig     stm32f10x_rcc.o
    0x0800bcd0   0x0000000a   Code   RO         3417    i.RCC_IRQHandler    bsp_int.o
    0x0800bcda   0x00000002   PAD
    0x0800bcdc   0x00000018   Code   RO         1814    i.RCC_PCLK1Config   stm32f10x_rcc.o
    0x0800bcf4   0x00000018   Code   RO         1815    i.RCC_PCLK2Config   stm32f10x_rcc.o
    0x0800bd0c   0x0000000c   Code   RO         1816    i.RCC_PLLCmd        stm32f10x_rcc.o
    0x0800bd18   0x0000001c   Code   RO         1817    i.RCC_PLLConfig     stm32f10x_rcc.o
    0x0800bd34   0x00000018   Code   RO         1820    i.RCC_SYSCLKConfig  stm32f10x_rcc.o
    0x0800bd4c   0x00000038   Code   RO         1822    i.RCC_WaitForHSEStartUp  stm32f10x_rcc.o
    0x0800bd84   0x0000000a   Code   RO         3418    i.RTCAlarm_IRQHandler  bsp_int.o
    0x0800bd8e   0x0000000a   Code   RO         3419    i.RTC_IRQHandler    bsp_int.o
    0x0800bd98   0x0000000c   Code   RO         6023    i.RV_GetCurrStat    rotvalvedef.o
    0x0800bda4   0x0000000c   Code   RO         6024    i.RV_GetErrorNumber  rotvalvedef.o
    0x0800bdb0   0x0000001a   Code   RO         6025    i.RV_Home           rotvalvedef.o
    0x0800bdca   0x0000004e   Code   RO         6026    i.RV_MoveToPosition  rotvalvedef.o
    0x0800be18   0x0000001a   Code   RO         6027    i.RV_QueryStatus    rotvalvedef.o
    0x0800be32   0x0000001a   Code   RO         6028    i.RV_QueryVersion   rotvalvedef.o
    0x0800be4c   0x00000028   Code   RO         6029    i.RV_SetCurrStat    rotvalvedef.o
    0x0800be74   0x0000000c   Code   RO         6030    i.RV_SetErrorNumber  rotvalvedef.o
    0x0800be80   0x0000006a   Code   RO         6097    i.ResultUpLayerComm  hexprotocol.o
    0x0800beea   0x0000000a   Code   RO         3420    i.SPI1_IRQHandler   bsp_int.o
    0x0800bef4   0x0000000a   Code   RO         3421    i.SPI2_IRQHandler   bsp_int.o
    0x0800befe   0x00000018   Code   RO         2296    i.SPI_Cmd           stm32f10x_spi.o
    0x0800bf16   0x00000012   Code   RO         2304    i.SPI_I2S_GetFlagStatus  stm32f10x_spi.o
    0x0800bf28   0x00000020   Code   RO         2306    i.SPI_I2S_ITConfig  stm32f10x_spi.o
    0x0800bf48   0x00000006   Code   RO         2307    i.SPI_I2S_ReceiveData  stm32f10x_spi.o
    0x0800bf4e   0x00000004   Code   RO         2308    i.SPI_I2S_SendData  stm32f10x_spi.o
    0x0800bf52   0x0000003c   Code   RO         2309    i.SPI_Init          stm32f10x_spi.o
    0x0800bf8e   0x00000002   PAD
    0x0800bf90   0x000000e8   Code   RO         6214    i.SPI_ParaInit      spidrv.o
    0x0800c078   0x00000100   Code   RO         6215    i.SPI_SendReadNumByte  spidrv.o
    0x0800c178   0x00000002   Code   RO         5616    i.SVC_Handler       stm32f10x_it.o
    0x0800c17a   0x00000002   PAD
    0x0800c17c   0x0000000c   Code   RO         6098    i.SetSysCurrOperation  hexprotocol.o
    0x0800c188   0x00000040   Code   RO         5394    i.SysTick_Handler   os_cpu_c.o
    0x0800c1c8   0x0000000a   Code   RO         3422    i.TAMPER_IRQHandler  bsp_int.o
    0x0800c1d2   0x0000000a   Code   RO         3423    i.TIM1_BRK_IRQHandler  bsp_int.o
    0x0800c1dc   0x0000000a   Code   RO         3424    i.TIM1_CC_IRQHandler  bsp_int.o
    0x0800c1e6   0x0000000a   Code   RO         3425    i.TIM1_TRG_COM_IRQHandler  bsp_int.o
    0x0800c1f0   0x0000000a   Code   RO         3426    i.TIM1_UP_IRQHandler  bsp_int.o
    0x0800c1fa   0x0000000a   Code   RO         3427    i.TIM2_IRQHandler   bsp_int.o
    0x0800c204   0x0000000a   Code   RO         3428    i.TIM3_IRQHandler   bsp_int.o
    0x0800c20e   0x0000000a   Code   RO         3429    i.TIM4_IRQHandler   bsp_int.o
    0x0800c218   0x00000018   Code   RO         2447    i.TIM_ARRPreloadConfig  stm32f10x_tim.o
    0x0800c230   0x00000006   Code   RO         2454    i.TIM_ClearITPendingBit  stm32f10x_tim.o
    0x0800c236   0x00000018   Code   RO         2459    i.TIM_Cmd           stm32f10x_tim.o
    0x0800c24e   0x00000002   PAD
    0x0800c250   0x00000068   Code   RO         5811    i.TIM_ControlMotor  motorbsp.o
    0x0800c2b8   0x00000022   Code   RO         2480    i.TIM_GetITStatus   stm32f10x_tim.o
    0x0800c2da   0x00000002   PAD
    0x0800c2dc   0x00000074   Code   RO         5812    i.TIM_GetTimeClock  motorbsp.o
    0x0800c350   0x00000012   Code   RO         2484    i.TIM_ITConfig      stm32f10x_tim.o
    0x0800c362   0x00000002   PAD
    0x0800c364   0x0000009c   Code   RO         5813    i.TIM_InitMotorClock  motorbsp.o
    0x0800c400   0x000000a0   Code   RO         2498    i.TIM_OC3Init       stm32f10x_tim.o
    0x0800c4a0   0x00000012   Code   RO         2501    i.TIM_OC3PreloadConfig  stm32f10x_tim.o
    0x0800c4b2   0x00000002   PAD
    0x0800c4b4   0x000000f0   Code   RO         5814    i.TIM_SetMotorFreq  motorbsp.o
    0x0800c5a4   0x000000a4   Code   RO         2530    i.TIM_TimeBaseInit  stm32f10x_tim.o
    0x0800c648   0x000003f4   Code   RO         6099    i.TimingToCommand   hexprotocol.o
    0x0800ca3c   0x0000000a   Code   RO         3430    i.UART4_IRQHandler  bsp_int.o
    0x0800ca46   0x00000014   Code   RO         3810    i.UART_SendHexToRValve  bsp_ser.o
    0x0800ca5a   0x00000014   Code   RO         3811    i.UART_SendHexToXLP6000  bsp_ser.o
    0x0800ca6e   0x0000000a   Code   RO         3431    i.USART1_IRQHandler  bsp_int.o
    0x0800ca78   0x0000000a   Code   RO         3432    i.USART2_IRQHandler  bsp_int.o
    0x0800ca82   0x0000000a   Code   RO         3433    i.USART3_IRQHandler  bsp_int.o
    0x0800ca8c   0x00000012   Code   RO         2999    i.USART_ClearFlag   stm32f10x_usart.o
    0x0800ca9e   0x0000001e   Code   RO         3000    i.USART_ClearITPendingBit  stm32f10x_usart.o
    0x0800cabc   0x00000022   Code   RO         3001    i.USART_ClockInit   stm32f10x_usart.o
    0x0800cade   0x00000018   Code   RO         3003    i.USART_Cmd         stm32f10x_usart.o
    0x0800caf6   0x0000001a   Code   RO         3006    i.USART_GetFlagStatus  stm32f10x_usart.o
    0x0800cb10   0x0000004a   Code   RO         3009    i.USART_ITConfig    stm32f10x_usart.o
    0x0800cb5a   0x00000002   PAD
    0x0800cb5c   0x000000d8   Code   RO         3010    i.USART_Init        stm32f10x_usart.o
    0x0800cc34   0x0000000a   Code   RO         3017    i.USART_ReceiveData  stm32f10x_usart.o
    0x0800cc3e   0x00000008   Code   RO         3020    i.USART_SendData    stm32f10x_usart.o
    0x0800cc46   0x0000000a   Code   RO         3434    i.USBWakeUp_IRQHandler  bsp_int.o
    0x0800cc50   0x0000000a   Code   RO         3435    i.USB_HP_CAN1_TX_IRQHandler  bsp_int.o
    0x0800cc5a   0x0000000a   Code   RO         3436    i.USB_LP_CAN1_RX0_IRQHandler  bsp_int.o
    0x0800cc64   0x00000542   Code   RO         6100    i.UpLayerMsgParsing  hexprotocol.o
    0x0800d1a6   0x00000004   Code   RO         5617    i.UsageFault_Handler  stm32f10x_it.o
    0x0800d1aa   0x00000002   PAD
    0x0800d1ac   0x00000064   Code   RO         5736    i.ValveCtrlDirect   boardiodef.o
    0x0800d210   0x000000d0   Code   RO         5737    i.ValveCtrlFromProl  boardiodef.o
    0x0800d2e0   0x0000000a   Code   RO         3437    i.WWDG_IRQHandler   bsp_int.o
    0x0800d2ea   0x00000002   PAD
    0x0800d2ec   0x0000000c   Code   RO         6334    i.XLP_GetCurrStat   xlp6000.o
    0x0800d2f8   0x0000000c   Code   RO         6335    i.XLP_GetErrorNumber  xlp6000.o
    0x0800d304   0x00000056   Code   RO         6337    i.XLP_Home          xlp6000.o
    0x0800d35a   0x00000046   Code   RO         6338    i.XLP_QueryStatus   xlp6000.o
    0x0800d3a0   0x00000114   Code   RO         6339    i.XLP_RelDrain      xlp6000.o
    0x0800d4b4   0x00000120   Code   RO         6340    i.XLP_RelInhale     xlp6000.o
    0x0800d5d4   0x00000028   Code   RO         6341    i.XLP_SetCurrStat   xlp6000.o
    0x0800d5fc   0x0000000c   Code   RO         6342    i.XLP_SetErrorNumber  xlp6000.o
    0x0800d608   0x00000034   Code   RO         6344    i.XLP_SpeedToMaxFreq  xlp6000.o
    0x0800d63c   0x00000042   Code   RO         6346    i.XLP_VolumeToPulse  xlp6000.o
    0x0800d67e   0x00000028   Code   RO         6626    i.__ARM_fpclassify  m_ws.l(fpclassify.o)
    0x0800d6a6   0x0000000e   Code   RO         6452    i._is_digit         c_w.l(__printf_wp.o)
    0x0800d6b4   0x00000068   Code   RO         5481    i.main              main.o
    0x0800d71c   0x0000000a   Code   RO         6256    i.sFLASH_Init       spiflash.o
    0x0800d726   0x00000002   PAD
    0x0800d728   0x00000054   Code   RO         6257    i.sFLASH_ReadBuffer  spiflash.o
    0x0800d77c   0x00000054   Code   RO         6258    i.sFLASH_ReadID     spiflash.o
    0x0800d7d0   0x0000002c   Code   RO         6613    locale$$code        c_w.l(lc_numeric_c.o)
    0x0800d7fc   0x0000002c   Code   RO         6634    locale$$code        c_w.l(lc_ctype_c.o)
    0x0800d828   0x00000004   Code   RO         6549    x$fpl$printf1       fz_ws.l(printf1.o)
    0x0800d82c   0x00000000   Code   RO         6625    x$fpl$usenofp       fz_ws.l(usenofp.o)
    0x0800d82c   0x000000d4   Data   RO         3813    .constdata          bsp_ser.o
    0x0800d900   0x00000094   Data   RO         4001    .constdata          os_cfg_app.o
    0x0800d994   0x0000016c   Data   RO         4263    .constdata          os_dbg.o
    0x0800db00   0x00000008   Data   RO         5815    .constdata          motorbsp.o
    0x0800db08   0x00000564   Data   RO         6101    .constdata          hexprotocol.o
    0x0800e06c   0x00000011   Data   RO         6460    .constdata          c_w.l(__printf_flags_ss_wp.o)
    0x0800e07d   0x00000003   PAD
    0x0800e080   0x00000008   Data   RO         6497    .constdata          c_w.l(_printf_wctomb.o)
    0x0800e088   0x00000028   Data   RO         6526    .constdata          c_w.l(_printf_hex_int_ll_ptr.o)
    0x0800e0b0   0x00000094   Data   RO         6588    .constdata          c_w.l(bigflt0.o)
    0x0800e144   0x00000020   Data   RO         6759    Region$$Table       anon$$obj.o
    0x0800e164   0x0000001c   Data   RO         6612    locale$$data        c_w.l(lc_numeric_c.o)
    0x0800e180   0x00000110   Data   RO         6633    locale$$data        c_w.l(lc_ctype_c.o)


    Execution Region RW_IRAM1 (Base: 0x20000000, Size: 0x0000acc8, Max: 0x00010000, ABSOLUTE, COMPRESSED[0x00000030])

    Base Addr    Size         Type   Attr      Idx    E Section Name        Object

    0x20000000   0x00000014   Data   RW         1823    .data               stm32f10x_rcc.o
    0x20000014   0x00000004   Data   RW         3257    .data               bsp.o
    0x20000018   0x00000040   Data   RW         3814    .data               bsp_ser.o
    0x20000058   0x00000004   Data   RW         4581    .data               os_prio.o
    0x2000005c   0x000000e8   Data   RW         5151    .data               os_var.o
    0x20000144   0x0000001c   Data   RW         5240    .data               cpu_core.o
    0x20000160   0x00000004   Data   RW         5395    .data               os_cpu_c.o
    0x20000164   0x00000008   Data   RW         5683    .data               adc7689.o
    0x2000016c   0x00000001   Data   RW         5920    .data               motordrv.o
    0x2000016d   0x00000001   PAD
    0x2000016e   0x00000004   Data   RW         6031    .data               rotvalvedef.o
    0x20000172   0x00000001   Data   RW         6102    .data               hexprotocol.o
    0x20000173   0x00000001   PAD
    0x20000174   0x00000010   Data   RW         6217    .data               spidrv.o
    0x20000184   0x00000004   Data   RW         6347    .data               xlp6000.o
    0x20000188   0x000000f0   Zero   RW         3438    .bss                bsp_int.o
    0x20000278   0x000003f0   Zero   RW         3812    .bss                bsp_ser.o
    0x20000668   0x00001380   Zero   RW         4000    .bss                os_cfg_app.o
    0x200019e8   0x000005b8   Zero   RW         5150    .bss                os_var.o
    0x20001fa0   0x00000010   Zero   RW         5238    .bss                cpu_core.o
    0x20001fb0   0x00007d70   Zero   RW         5482    .bss                main.o
    0x20009d20   0x00000050   Zero   RW         5682    .bss                adc7689.o
    0x20009d70   0x0000000f   Zero   RW         5738    .bss                boardiodef.o
    0x20009d7f   0x00000001   PAD
    0x20009d80   0x00000680   Zero   RW         5919    .bss                motordrv.o
    0x2000a400   0x00000262   Zero   RW         6216    .bss                spidrv.o
    0x2000a662   0x00000002   PAD
    0x2000a664   0x00000060   Zero   RW         6629    .bss                c_w.l(libspace.o)
    0x2000a6c4   0x00000004   PAD
    0x2000a6c8   0x00000200   Zero   RW         3990    HEAP                startup_stm32f10x_hd.o
    0x2000a8c8   0x00000400   Zero   RW         3989    STACK               startup_stm32f10x_hd.o


==============================================================================

Image component sizes


      Code (inc. data)   RO Data    RW Data    ZI Data      Debug   Object Name

       352         32          0          8         80       3303   adc7689.o
       916         36          0          0         15      10567   boardiodef.o
       536         46          0          4          0      32952   bsp.o
       650         16          0          0        240      30892   bsp_int.o
       226         10          0          0          0       3052   bsp_os.o
       256         48          0          0          0        527   bsp_periph.o
      1506        154        212         64       1008       9277   bsp_ser.o
        52          0          0          0          0        296   cpu_a.o
       752         44          0          0          0       1447   cpu_c.o
       540         98          0         28         16       8560   cpu_core.o
      5590        516       1380          1          0      21313   hexprotocol.o
      5648       1828          0          0      32112      20341   main.o
       112         12          0          0          0     261372   misc.o
      1122        132          8          0          0      10089   motorbsp.o
      3036        188          0          1       1664      13614   motordrv.o
         2          0        148          0       4992      20639   os_cfg_app.o
      3034        404          0          0          0      19838   os_core.o
       216          6          0          0          0        344   os_cpu_a.o
       644         66          0          4          0       6987   os_cpu_c.o
       428        280        364          0          0       4709   os_dbg.o
       760         28          0          0          0       2973   os_flag.o
      1172        202          0          0          0       3334   os_int.o
        24         10          0          0          0        841   os_mem.o
       570         32          0          0          0       3954   os_msg.o
      1792         76          0          0          0       7055   os_mutex.o
       136         16          0          4          0       2738   os_prio.o
      1464         70          0          0          0       5471   os_q.o
      1536         74          0          0          0       6250   os_sem.o
      1768        212          0          0          0       3943   os_stat.o
      5812        278          0          0          0      14320   os_task.o
      1596        110          0          0          0       6218   os_tick.o
       948         42          0          0          0       2985   os_time.o
       570        142          0          0          0       3791   os_tmr.o
         0          0          0        232       1464      19348   os_var.o
       232         24          0          4          0       4791   rotvalvedef.o
      1196        124          0         16        610       3966   spidrv.o
       178         10          0          0          0       2086   spiflash.o
        56         22        304          0       1536        796   startup_stm32f10x_hd.o
        52         12          0          0          0       1141   stm32f10x_flash.o
       294          0          0          0          0       3706   stm32f10x_gpio.o
        22          0          0          0          0       2955   stm32f10x_it.o
       708         98          0         20          0      11419   stm32f10x_rcc.o
       144          0          0          0          0       4709   stm32f10x_spi.o
       448         52          0          0          0       5646   stm32f10x_tim.o
       440          6          0          0          0       7439   stm32f10x_usart.o
       914         34          0          4          0       7186   xlp6000.o

    ----------------------------------------------------------------------
     48514       5590       2448        392      43740     619180   Object Totals
         0          0         32          0          0          0   (incl. Generated)
        64          0          0          2          3          0   (incl. Padding)

    ----------------------------------------------------------------------

      Code (inc. data)   RO Data    RW Data    ZI Data      Debug   Library Member Name

        44          6          0          0          0         84   __2sprintf.o
        90          0          0          0          0          0   __dczerorl2.o
         8          0          0          0          0         68   __main.o
       392          4         17          0          0         92   __printf_flags_ss_wp.o
        14          0          0          0          0         68   __printf_wp.o
         0          0          0          0          0          0   __rtentry.o
        12          0          0          0          0          0   __rtentry2.o
         6          0          0          0          0          0   __rtentry4.o
        52          8          0          0          0          0   __scatter.o
        28          0          0          0          0          0   __scatter_zi.o
         6          0          0          0          0          0   _printf_a.o
         6          0          0          0          0          0   _printf_c.o
        44          0          0          0          0        108   _printf_char.o
        48          6          0          0          0         96   _printf_char_common.o
        40          0          0          0          0         68   _printf_charcount.o
         6          0          0          0          0          0   _printf_d.o
       120         16          0          0          0         92   _printf_dec.o
         6          0          0          0          0          0   _printf_e.o
         6          0          0          0          0          0   _printf_f.o
      1050          0          0          0          0        216   _printf_fp_dec.o
       128         16          0          0          0         84   _printf_fp_infnan.o
         6          0          0          0          0          0   _printf_g.o
       148          4         40          0          0        160   _printf_hex_int_ll_ptr.o
         6          0          0          0          0          0   _printf_i.o
       178          0          0          0          0         88   _printf_intcommon.o
        10          0          0          0          0          0   _printf_l.o
         6          0          0          0          0          0   _printf_lc.o
        10          0          0          0          0          0   _printf_ll.o
         6          0          0          0          0          0   _printf_lld.o
         6          0          0          0          0          0   _printf_lli.o
         6          0          0          0          0          0   _printf_llo.o
         6          0          0          0          0          0   _printf_llu.o
         6          0          0          0          0          0   _printf_llx.o
       124         16          0          0          0         92   _printf_longlong_dec.o
         6          0          0          0          0          0   _printf_ls.o
         6          0          0          0          0          0   _printf_n.o
         6          0          0          0          0          0   _printf_o.o
       112          8          0          0          0        124   _printf_oct_int_ll.o
         6          0          0          0          0          0   _printf_p.o
        78          0          0          0          0        108   _printf_pad.o
         0          0          0          0          0          0   _printf_percent.o
         4          0          0          0          0          0   _printf_percent_end.o
         6          0          0          0          0          0   _printf_s.o
        82          0          0          0          0         80   _printf_str.o
        36          0          0          0          0         84   _printf_truncate.o
         6          0          0          0          0          0   _printf_u.o
        44          0          0          0          0        108   _printf_wchar.o
       188          6          8          0          0         92   _printf_wctomb.o
         6          0          0          0          0          0   _printf_x.o
        16          0          0          0          0         68   _snputc.o
        10          0          0          0          0         68   _sputc.o
        64          0          0          0          0         92   _wcrtomb.o
       220          4        148          0          0         96   bigflt0.o
      1910        128          0          0          0        672   btod.o
        52          4          0          0          0         80   c89vsnprintf.o
        12          0          0          0          0         72   exit.o
         6          0          0          0          0        152   heapauxi.o
         0          0          0          0          0          0   indicate_semi.o
        44         10        272          0          0         76   lc_ctype_c.o
        44         10         28          0          0         76   lc_numeric_c.o
         2          0          0          0          0          0   libinit.o
        30          0          0          0          0          0   libinit2.o
         2          0          0          0          0          0   libshutdown.o
         2          0          0          0          0          0   libshutdown2.o
         8          4          0          0         96         68   libspace.o
       138          0          0          0          0         80   lludiv10.o
        16          4          0          0          0         76   rt_ctype_table.o
         8          4          0          0          0         68   rt_locale_intlibspace.o
        68          0          0          0          0         68   rt_memclr.o
        78          0          0          0          0         80   rt_memclr_w.o
       138          0          0          0          0         68   rt_memcpy_v6.o
       100          0          0          0          0         80   rt_memcpy_w.o
         2          0          0          0          0          0   rtexit.o
        10          0          0          0          0          0   rtexit2.o
       128          0          0          0          0         68   strcmpv7m.o
        62          0          0          0          0         76   strlen.o
        12          4          0          0          0         68   sys_exit.o
        74          0          0          0          0         80   sys_stackheap_outer.o
         2          0          0          0          0         68   use_no_semi.o
         4          0          0          0          0         68   printf1.o
         0          0          0          0          0          0   usenofp.o
        40          0          0          0          0         68   fpclassify.o

    ----------------------------------------------------------------------
      6522        262        516          0        100       4448   Library Totals
        10          0          3          0          4          0   (incl. Padding)

    ----------------------------------------------------------------------

      Code (inc. data)   RO Data    RW Data    ZI Data      Debug   Library Name

      6468        262        513          0         96       4312   c_w.l
         4          0          0          0          0         68   fz_ws.l
        40          0          0          0          0         68   m_ws.l

    ----------------------------------------------------------------------
      6522        262        516          0        100       4448   Library Totals

    ----------------------------------------------------------------------

==============================================================================


      Code (inc. data)   RO Data    RW Data    ZI Data      Debug   

     55036       5852       2964        392      43840     602876   Grand Totals
     55036       5852       2964         48      43840     602876   ELF Image Totals (compressed)
     55036       5852       2964         48          0          0   ROM Totals

==============================================================================

    Total RO  Size (Code + RO Data)                58000 (  56.64kB)
    Total RW  Size (RW Data + ZI Data)             44232 (  43.20kB)
    Total ROM Size (Code + RO Data + RW Data)      58048 (  56.69kB)

==============================================================================

